Archive member included because of file (symbol)

c:/freescale/kds_v3/toolchain/bin/../lib/gcc/arm-none-eabi/4.8.4/../../../../arm-none-eabi/lib/armv7e-m/fpu\libg_s.a(lib_a-exit.o)
                              c:/freescale/kds_v3/toolchain/bin/../lib/gcc/arm-none-eabi/4.8.4/../../../../arm-none-eabi/lib/armv7e-m/fpu/crt0.o (exit)
c:/freescale/kds_v3/toolchain/bin/../lib/gcc/arm-none-eabi/4.8.4/../../../../arm-none-eabi/lib/armv7e-m/fpu\libg_s.a(lib_a-impure.o)
                              c:/freescale/kds_v3/toolchain/bin/../lib/gcc/arm-none-eabi/4.8.4/../../../../arm-none-eabi/lib/armv7e-m/fpu\libg_s.a(lib_a-exit.o) (_global_impure_ptr)
c:/freescale/kds_v3/toolchain/bin/../lib/gcc/arm-none-eabi/4.8.4/../../../../arm-none-eabi/lib/armv7e-m/fpu\libg_s.a(lib_a-init.o)
                              c:/freescale/kds_v3/toolchain/bin/../lib/gcc/arm-none-eabi/4.8.4/../../../../arm-none-eabi/lib/armv7e-m/fpu/crt0.o (__libc_init_array)
c:/freescale/kds_v3/toolchain/bin/../lib/gcc/arm-none-eabi/4.8.4/../../../../arm-none-eabi/lib/armv7e-m/fpu\libg_s.a(lib_a-memcpy-stub.o)
                              ./Generated_Code/queue.o (memcpy)
c:/freescale/kds_v3/toolchain/bin/../lib/gcc/arm-none-eabi/4.8.4/../../../../arm-none-eabi/lib/armv7e-m/fpu\libg_s.a(lib_a-memset.o)
                              c:/freescale/kds_v3/toolchain/bin/../lib/gcc/arm-none-eabi/4.8.4/../../../../arm-none-eabi/lib/armv7e-m/fpu/crt0.o (memset)
c:/freescale/kds_v3/toolchain/bin/../lib/gcc/arm-none-eabi/4.8.4/../../../../arm-none-eabi/lib/armv7e-m/fpu\libg_s.a(lib_a-rand.o)
                              ./Generated_Code/UTIL1.o (srand)
c:/freescale/kds_v3/toolchain/bin/../lib/gcc/arm-none-eabi/4.8.4/../../../../arm-none-eabi/lib/armv7e-m/fpu\libg_s.a(lib_a-strchr.o)
                              ./Generated_Code/UTIL1.o (strchr)
c:/freescale/kds_v3/toolchain/bin/../lib/gcc/arm-none-eabi/4.8.4/../../../../arm-none-eabi/lib/armv7e-m/fpu\libg_s.a(lib_a-strlen.o)
                              ./Sources/main.o (strlen)
c:/freescale/kds_v3/toolchain/bin/../lib/gcc/arm-none-eabi/4.8.4/../../../../arm-none-eabi/lib/armv7e-m/fpu\libg_s.a(lib_a-strncmp.o)
                              ./Generated_Code/UTIL1.o (strncmp)
c:/freescale/kds_v3/toolchain/bin/../lib/gcc/arm-none-eabi/4.8.4/../../../../arm-none-eabi/lib/armv7e-m/fpu\libg_s.a(lib_a-malloc.o)
                              c:/freescale/kds_v3/toolchain/bin/../lib/gcc/arm-none-eabi/4.8.4/../../../../arm-none-eabi/lib/armv7e-m/fpu\libg_s.a(lib_a-rand.o) (malloc)
c:/freescale/kds_v3/toolchain/bin/../lib/gcc/arm-none-eabi/4.8.4/../../../../arm-none-eabi/lib/armv7e-m/fpu\libg_s.a(lib_a-nano-freer.o)
                              c:/freescale/kds_v3/toolchain/bin/../lib/gcc/arm-none-eabi/4.8.4/../../../../arm-none-eabi/lib/armv7e-m/fpu\libg_s.a(lib_a-malloc.o) (_free_r)
c:/freescale/kds_v3/toolchain/bin/../lib/gcc/arm-none-eabi/4.8.4/../../../../arm-none-eabi/lib/armv7e-m/fpu\libg_s.a(lib_a-nano-mallocr.o)
                              c:/freescale/kds_v3/toolchain/bin/../lib/gcc/arm-none-eabi/4.8.4/../../../../arm-none-eabi/lib/armv7e-m/fpu\libg_s.a(lib_a-malloc.o) (_malloc_r)
c:/freescale/kds_v3/toolchain/bin/../lib/gcc/arm-none-eabi/4.8.4/../../../../arm-none-eabi/lib/armv7e-m/fpu\libg_s.a(lib_a-sbrkr.o)
                              c:/freescale/kds_v3/toolchain/bin/../lib/gcc/arm-none-eabi/4.8.4/../../../../arm-none-eabi/lib/armv7e-m/fpu\libg_s.a(lib_a-nano-mallocr.o) (_sbrk_r)
c:/freescale/kds_v3/toolchain/bin/../lib/gcc/arm-none-eabi/4.8.4/../../../../arm-none-eabi/lib/armv7e-m/fpu\libg_s.a(lib_a-reent.o)
                              c:/freescale/kds_v3/toolchain/bin/../lib/gcc/arm-none-eabi/4.8.4/../../../../arm-none-eabi/lib/armv7e-m/fpu\libg_s.a(lib_a-sbrkr.o) (errno)
c:/freescale/kds_v3/toolchain/bin/../lib/gcc/arm-none-eabi/4.8.4/../../../../arm-none-eabi/lib/armv7e-m/fpu\libnosys.a(sbrk.o)
                              c:/freescale/kds_v3/toolchain/bin/../lib/gcc/arm-none-eabi/4.8.4/../../../../arm-none-eabi/lib/armv7e-m/fpu\libg_s.a(lib_a-sbrkr.o) (_sbrk)
c:/freescale/kds_v3/toolchain/bin/../lib/gcc/arm-none-eabi/4.8.4/../../../../arm-none-eabi/lib/armv7e-m/fpu\libnosys.a(_exit.o)
                              c:/freescale/kds_v3/toolchain/bin/../lib/gcc/arm-none-eabi/4.8.4/../../../../arm-none-eabi/lib/armv7e-m/fpu\libg_s.a(lib_a-exit.o) (_exit)

Allocating common symbols
Common symbol       size              file

ASerialLdd1_DeviceDataPtr
                    0x4               ./Generated_Code/AS1.o
errno               0x4               c:/freescale/kds_v3/toolchain/bin/../lib/gcc/arm-none-eabi/4.8.4/../../../../arm-none-eabi/lib/armv7e-m/fpu\libg_s.a(lib_a-reent.o)
xQueueRegistry      0x28              ./Generated_Code/queue.o
ASerialLdd2_DeviceDataPtr
                    0x4               ./Generated_Code/GPS.o
SR_reg              0x1               ./Static_Code/System/CPU_Init.o
cadena              0x80              ./Sources/main.o

Discarded input sections

[...]
Memory Configuration

Name             Origin             Length             Attributes
m_interrupts     0x00000000         0x00000198         xr
m_text           0x00000410         0x000ffbf0         xr
m_data_1FFF0000  0x1fff0000         0x00010000         rw
m_data           0x20000000         0x00030000         rw
m_cfmprotrom     0x00000400         0x00000010         xr
*default*        0x00000000         0xffffffff

Linker script and memory map

LOAD c:/freescale/kds_v3/toolchain/bin/../lib/gcc/arm-none-eabi/4.8.4/armv7e-m/fpu/crti.o
LOAD c:/freescale/kds_v3/toolchain/bin/../lib/gcc/arm-none-eabi/4.8.4/armv7e-m/fpu/crtbegin.o
LOAD c:/freescale/kds_v3/toolchain/bin/../lib/gcc/arm-none-eabi/4.8.4/../../../../arm-none-eabi/lib/armv7e-m/fpu/crt0.o
LOAD ./Static_Code/System/CPU_Init.o
LOAD ./Static_Code/System/Peripherals_Init.o
LOAD ./Static_Code/System/Vectors.o
LOAD ./Sources/Application.o
LOAD ./Sources/Events.o
LOAD ./Sources/main.o
LOAD ./Project_Settings/Startup_Code/startup.o
LOAD ./Generated_Code/AS1.o
LOAD ./Generated_Code/ASerialLdd1.o
LOAD ./Generated_Code/ASerialLdd2.o
LOAD ./Generated_Code/BitIoLdd1.o
LOAD ./Generated_Code/BitIoLdd2.o
LOAD ./Generated_Code/CD1.o
LOAD ./Generated_Code/CI2C1.o
LOAD ./Generated_Code/CS1.o
LOAD ./Generated_Code/Cpu.o
LOAD ./Generated_Code/ExtIntLdd1.o
LOAD ./Generated_Code/FAT1.o
LOAD ./Generated_Code/FRTOS1.o
LOAD ./Generated_Code/FX1.o
LOAD ./Generated_Code/GI2C1.o
LOAD ./Generated_Code/GPS.o
LOAD ./Generated_Code/KSDK1.o
LOAD ./Generated_Code/LEDG.o
LOAD ./Generated_Code/LEDR.o
LOAD ./Generated_Code/LEDpin1.o
LOAD ./Generated_Code/LEDpin2.o
LOAD ./Generated_Code/MCUC1.o
LOAD ./Generated_Code/PE_LDD.o
LOAD ./Generated_Code/PPS.o
LOAD ./Generated_Code/SD1.o
LOAD ./Generated_Code/SM1.o
LOAD ./Generated_Code/SS1.o
LOAD ./Generated_Code/TI1.o
LOAD ./Generated_Code/TMOUT1.o
LOAD ./Generated_Code/TU1.o
LOAD ./Generated_Code/TimerIntLdd1.o
LOAD ./Generated_Code/TmDt1.o
LOAD ./Generated_Code/UTIL1.o
LOAD ./Generated_Code/UTIL2.o
LOAD ./Generated_Code/WAIT1.o
LOAD ./Generated_Code/croutine.o
LOAD ./Generated_Code/event_groups.o
LOAD ./Generated_Code/ff.o
LOAD ./Generated_Code/heap_1.o
LOAD ./Generated_Code/heap_2.o
LOAD ./Generated_Code/heap_3.o
LOAD ./Generated_Code/heap_4.o
LOAD ./Generated_Code/heap_5.o
LOAD ./Generated_Code/heap_useNewlib.o
LOAD ./Generated_Code/list.o
LOAD ./Generated_Code/mpu_wrappers.o
LOAD ./Generated_Code/port.o
LOAD ./Generated_Code/queue.o
LOAD ./Generated_Code/tasks.o
LOAD ./Generated_Code/timers.o
LOAD c:/freescale/kds_v3/toolchain/bin/../lib/gcc/arm-none-eabi/4.8.4/../../../../arm-none-eabi/lib/armv7e-m/fpu\libstdc++_s.a
LOAD c:/freescale/kds_v3/toolchain/bin/../lib/gcc/arm-none-eabi/4.8.4/../../../../arm-none-eabi/lib/armv7e-m/fpu\libm.a
START GROUP
LOAD c:/freescale/kds_v3/toolchain/bin/../lib/gcc/arm-none-eabi/4.8.4/armv7e-m/fpu\libgcc.a
LOAD c:/freescale/kds_v3/toolchain/bin/../lib/gcc/arm-none-eabi/4.8.4/../../../../arm-none-eabi/lib/armv7e-m/fpu\libg_s.a
LOAD c:/freescale/kds_v3/toolchain/bin/../lib/gcc/arm-none-eabi/4.8.4/../../../../arm-none-eabi/lib/armv7e-m/fpu\libc_s.a
END GROUP
START GROUP
LOAD c:/freescale/kds_v3/toolchain/bin/../lib/gcc/arm-none-eabi/4.8.4/armv7e-m/fpu\libgcc.a
LOAD c:/freescale/kds_v3/toolchain/bin/../lib/gcc/arm-none-eabi/4.8.4/../../../../arm-none-eabi/lib/armv7e-m/fpu\libc_s.a
LOAD c:/freescale/kds_v3/toolchain/bin/../lib/gcc/arm-none-eabi/4.8.4/../../../../arm-none-eabi/lib/armv7e-m/fpu\libnosys.a
END GROUP
START GROUP
LOAD c:/freescale/kds_v3/toolchain/bin/../lib/gcc/arm-none-eabi/4.8.4/armv7e-m/fpu\libgcc.a
LOAD c:/freescale/kds_v3/toolchain/bin/../lib/gcc/arm-none-eabi/4.8.4/../../../../arm-none-eabi/lib/armv7e-m/fpu\libc_s.a
LOAD c:/freescale/kds_v3/toolchain/bin/../lib/gcc/arm-none-eabi/4.8.4/../../../../arm-none-eabi/lib/armv7e-m/fpu\libnosys.a
END GROUP
LOAD c:/freescale/kds_v3/toolchain/bin/../lib/gcc/arm-none-eabi/4.8.4/armv7e-m/fpu/crtend.o
LOAD c:/freescale/kds_v3/toolchain/bin/../lib/gcc/arm-none-eabi/4.8.4/armv7e-m/fpu/crtn.o
                0x20030000                _estack = 0x20030000
                0x20030000                __SP_INIT = _estack
                0x20030000                __stack = _estack
                0x00000000                __heap_size = 0x0
                0x00000400                __stack_size = 0x400

.interrupts     0x00000000      0x198
                0x00000000                __vector_table = .
                0x00000000                . = ALIGN (0x4)
 *(.vectortable)
 .vectortable   0x00000000      0x198 ./Static_Code/System/Vectors.o
                0x00000000                __vect_table
                0x00000198                . = ALIGN (0x4)

.cfmprotect     0x00000400       0x10
                0x00000400                . = ALIGN (0x4)
 *(.cfmconfig)
 .cfmconfig     0x00000400       0x10 ./Static_Code/System/CPU_Init.o
                0x00000400                _cfm
                0x00000410                . = ALIGN (0x4)

.text           0x00000410     0x842c
                0x00000410                . = ALIGN (0x4)
 *(.text)
 .text          0x00000410       0x54 c:/freescale/kds_v3/toolchain/bin/../lib/gcc/arm-none-eabi/4.8.4/armv7e-m/fpu/crtbegin.o
 .text          0x00000464       0x74 c:/freescale/kds_v3/toolchain/bin/../lib/gcc/arm-none-eabi/4.8.4/../../../../arm-none-eabi/lib/armv7e-m/fpu/crt0.o
                0x00000464                _start
                0x00000464                _mainCRTStartup
 *(.text*)
 .text.CPU_SetBASEPRI
                0x000004d8       0x18 ./Static_Code/System/CPU_Init.o
                0x000004d8                CPU_SetBASEPRI
 .text.__init_hardware
                0x000004f0       0x90 ./Static_Code/System/CPU_Init.o
                0x000004f0                __init_hardware
 .text.PE_low_level_init
                0x00000580       0x48 ./Static_Code/System/CPU_Init.o
                0x00000580                PE_low_level_init
 .text.CPU_GetClockGenMode
                0x000005c8       0x90 ./Static_Code/System/CPU_Init.o
                0x000005c8                CPU_GetClockGenMode
 .text.CPU_SetClockConfigGenMode
                0x00000658      0x54c ./Static_Code/System/CPU_Init.o
                0x00000658                CPU_SetClockConfigGenMode
 .text.UnhandledInterrupt
                0x00000ba4       0x18 ./Static_Code/System/Vectors.o
                0x00000ba4                UnhandledInterrupt
 .text.Cpu_OnNMI
                0x00000bbc        0xc ./Sources/Events.o
                0x00000bbc                Cpu_OnNMI
 .text.TI1_OnInterrupt
                0x00000bc8        0xc ./Sources/Events.o
                0x00000bc8                TI1_OnInterrupt
 .text.SM1_OnBlockSent
                0x00000bd4       0x14 ./Sources/Events.o
                0x00000bd4                SM1_OnBlockSent
 .text.PPS_OnInterrupt
                0x00000be8        0xc ./Sources/Events.o
                0x00000be8                PPS_OnInterrupt
 .text.GPS_OnError
                0x00000bf4        0xc ./Sources/Events.o
                0x00000bf4                GPS_OnError
 .text.GPS_OnRxChar
                0x00000c00        0xc ./Sources/Events.o
                0x00000c00                GPS_OnRxChar
 .text.GPS_OnTxChar
                0x00000c0c        0xc ./Sources/Events.o
                0x00000c0c                GPS_OnTxChar
 .text.GPS_OnFullRxBuf
                0x00000c18        0xc ./Sources/Events.o
                0x00000c18                GPS_OnFullRxBuf
 .text.GPS_OnFreeTxBuf
                0x00000c24        0xc ./Sources/Events.o
                0x00000c24                GPS_OnFreeTxBuf
 .text.FRTOS1_vApplicationStackOverflowHook
                0x00000c30       0x14 ./Sources/Events.o
                0x00000c30                FRTOS1_vApplicationStackOverflowHook
 .text.FRTOS1_vApplicationTickHook
                0x00000c44        0xc ./Sources/Events.o
                0x00000c44                FRTOS1_vApplicationTickHook
 .text.FRTOS1_vApplicationIdleHook
                0x00000c50        0xc ./Sources/Events.o
                0x00000c50                FRTOS1_vApplicationIdleHook
 .text.FRTOS1_vApplicationMallocFailedHook
                0x00000c5c       0x10 ./Sources/Events.o
                0x00000c5c                FRTOS1_vApplicationMallocFailedHook
 .text.Err      0x00000c6c        0x8 ./Sources/main.o
 .text.StorageOn
                0x00000c74       0x50 ./Sources/main.o
                0x00000c74                StorageOn
 .text.EscribeSD
                0x00000cc4       0x94 ./Sources/main.o
                0x00000cc4                EscribeSD
 .text.Acce     0x00000d58       0x14 ./Sources/main.o
 .text.Imprime  0x00000d6c       0xac ./Sources/main.o
 .text.CharGPS  0x00000e18       0x50 ./Sources/main.o
 .text.main     0x00000e68       0x9c ./Sources/main.o
                0x00000e68                main
 .text.__copy_rom_section
                0x00000f04       0xe4 ./Project_Settings/Startup_Code/startup.o
                0x00000f04                __copy_rom_section
 .text.__copy_rom_sections_to_ram
                0x00000fe8       0x9c ./Project_Settings/Startup_Code/startup.o
                0x00000fe8                __copy_rom_sections_to_ram
 .text.__init_registers
                0x00001084       0x20 ./Project_Settings/Startup_Code/startup.o
                0x00001084                __init_registers
 .text.__init_user
                0x000010a4        0xc ./Project_Settings/Startup_Code/startup.o
                0x000010a4                __init_user
 .text.__thumb_startup
                0x000010b0       0x34 ./Project_Settings/Startup_Code/startup.o
                0x000010b0                __thumb_startup
 .text.HWEnDi   0x000010e4       0x1c ./Generated_Code/AS1.o
 .text.AS1_SendChar
                0x00001100       0x5c ./Generated_Code/AS1.o
                0x00001100                AS1_SendChar
 .text.AS1_Init
                0x0000115c       0x24 ./Generated_Code/AS1.o
                0x0000115c                AS1_Init
 .text.ASerialLdd1_OnBreak
                0x00001180       0x24 ./Generated_Code/AS1.o
                0x00001180                ASerialLdd1_OnBreak
 .text.ASerialLdd1_Init
                0x000011a4      0x178 ./Generated_Code/ASerialLdd1.o
                0x000011a4                ASerialLdd1_Init
 .text.ASerialLdd1_ReceiveBlock
                0x0000131c       0x48 ./Generated_Code/ASerialLdd1.o
                0x0000131c                ASerialLdd1_ReceiveBlock
 .text.ASerialLdd1_SendBlock
                0x00001364       0x58 ./Generated_Code/ASerialLdd1.o
                0x00001364                ASerialLdd1_SendBlock
 .text.InterruptRx
                0x000013bc       0x50 ./Generated_Code/ASerialLdd1.o
 .text.InterruptTx
                0x0000140c       0x60 ./Generated_Code/ASerialLdd1.o
 .text.ASerialLdd1_Main
                0x0000146c       0xd8 ./Generated_Code/ASerialLdd1.o
                0x0000146c                ASerialLdd1_Main
 .text.ASerialLdd2_Init
                0x00001544      0x1d8 ./Generated_Code/ASerialLdd2.o
                0x00001544                ASerialLdd2_Init
 .text.ASerialLdd2_ReceiveBlock
                0x0000171c       0x90 ./Generated_Code/ASerialLdd2.o
                0x0000171c                ASerialLdd2_ReceiveBlock
 .text.ASerialLdd2_SendBlock
                0x000017ac       0xbc ./Generated_Code/ASerialLdd2.o
                0x000017ac                ASerialLdd2_SendBlock
 .text.InterruptRx
                0x00001868       0x58 ./Generated_Code/ASerialLdd2.o
 .text.InterruptTx
                0x000018c0       0x80 ./Generated_Code/ASerialLdd2.o
 .text.ASerialLdd2_Interrupt
                0x00001940       0xf4 ./Generated_Code/ASerialLdd2.o
                0x00001940                ASerialLdd2_Interrupt
 .text.ASerialLdd2_GetError
                0x00001a34       0x70 ./Generated_Code/ASerialLdd2.o
                0x00001a34                ASerialLdd2_GetError
 .text.BitIoLdd1_Init
                0x00001aa4       0x80 ./Generated_Code/BitIoLdd1.o
                0x00001aa4                BitIoLdd1_Init
 .text.BitIoLdd1_SetVal
                0x00001b24       0x20 ./Generated_Code/BitIoLdd1.o
                0x00001b24                BitIoLdd1_SetVal
 .text.BitIoLdd1_NegVal
                0x00001b44       0x20 ./Generated_Code/BitIoLdd1.o
                0x00001b44                BitIoLdd1_NegVal
 .text.BitIoLdd2_Init
                0x00001b64       0x80 ./Generated_Code/BitIoLdd2.o
                0x00001b64                BitIoLdd2_Init
 .text.BitIoLdd2_SetVal
                0x00001be4       0x20 ./Generated_Code/BitIoLdd2.o
                0x00001be4                BitIoLdd2_SetVal
 .text.BitIoLdd2_NegVal
                0x00001c04       0x20 ./Generated_Code/BitIoLdd2.o
                0x00001c04                BitIoLdd2_NegVal
 .text.CD1_Init
                0x00001c24       0x74 ./Generated_Code/CD1.o
                0x00001c24                CD1_Init
 .text.CI2C1_Interrupt
                0x00001c98      0x288 ./Generated_Code/CI2C1.o
                0x00001c98                CI2C1_Interrupt
 .text.CI2C1_Init
                0x00001f20      0x148 ./Generated_Code/CI2C1.o
                0x00001f20                CI2C1_Init
 .text.CI2C1_MasterSendBlock
                0x00002068      0x18c ./Generated_Code/CI2C1.o
                0x00002068                CI2C1_MasterSendBlock
 .text.CI2C1_MasterReceiveBlock
                0x000021f4      0x188 ./Generated_Code/CI2C1.o
                0x000021f4                CI2C1_MasterReceiveBlock
 .text.CI2C1_SelectSlaveDevice
                0x0000237c       0xf0 ./Generated_Code/CI2C1.o
                0x0000237c                CI2C1_SelectSlaveDevice
 .text.Components_Init
                0x0000246c       0x50 ./Generated_Code/Cpu.o
                0x0000246c                Components_Init
 .text.Cpu_INT_NMIInterrupt
                0x000024bc       0x1c ./Generated_Code/Cpu.o
                0x000024bc                Cpu_INT_NMIInterrupt
 .text.ExtIntLdd1_Init
                0x000024d8       0x9c ./Generated_Code/ExtIntLdd1.o
                0x000024d8                ExtIntLdd1_Init
 .text.ExtIntLdd1_Interrupt
                0x00002574       0x40 ./Generated_Code/ExtIntLdd1.o
                0x00002574                ExtIntLdd1_Interrupt
 .text.disk_initialize
                0x000025b4       0x28 ./Generated_Code/FAT1.o
                0x000025b4                disk_initialize
 .text.disk_status
                0x000025dc       0x28 ./Generated_Code/FAT1.o
                0x000025dc                disk_status
 .text.disk_read
                0x00002604       0x34 ./Generated_Code/FAT1.o
                0x00002604                disk_read
 .text.disk_write
                0x00002638       0x34 ./Generated_Code/FAT1.o
                0x00002638                disk_write
 .text.disk_ioctl
                0x0000266c       0x34 ./Generated_Code/FAT1.o
                0x0000266c                disk_ioctl
 .text.FAT1_Init
                0x000026a0       0x24 ./Generated_Code/FAT1.o
                0x000026a0                FAT1_Init
 .text.FAT1_get_fattime
                0x000026c4       0x60 ./Generated_Code/FAT1.o
                0x000026c4                FAT1_get_fattime
 .text.get_fattime
                0x00002724       0x10 ./Generated_Code/FAT1.o
                0x00002724                get_fattime
 .text.FRTOS1_Init
                0x00002734        0xc ./Generated_Code/FRTOS1.o
                0x00002734                FRTOS1_Init
 .text.FX1_MeasureGetRawX
                0x00002740       0x40 ./Generated_Code/FX1.o
                0x00002740                FX1_MeasureGetRawX
 .text.FX1_GetX
                0x00002780       0x34 ./Generated_Code/FX1.o
                0x00002780                FX1_GetX
 .text.FX1_Enable
                0x000027b4       0x54 ./Generated_Code/FX1.o
                0x000027b4                FX1_Enable
 .text.GI2C1_SelectSlave
                0x00002808       0x34 ./Generated_Code/GI2C1.o
                0x00002808                GI2C1_SelectSlave
 .text.GI2C1_UnselectSlave
                0x0000283c       0x10 ./Generated_Code/GI2C1.o
                0x0000283c                GI2C1_UnselectSlave
 .text.GI2C1_ReadAddress
                0x0000284c       0xac ./Generated_Code/GI2C1.o
                0x0000284c                GI2C1_ReadAddress
 .text.GI2C1_WriteAddress
                0x000028f8       0xe0 ./Generated_Code/GI2C1.o
                0x000028f8                GI2C1_WriteAddress
 .text.CI2C1_OnMasterBlockSent
                0x000029d8       0x28 ./Generated_Code/GI2C1.o
                0x000029d8                CI2C1_OnMasterBlockSent
 .text.CI2C1_OnMasterBlockReceived
                0x00002a00       0x28 ./Generated_Code/GI2C1.o
                0x00002a00                CI2C1_OnMasterBlockReceived
 .text.GI2C1_Init
                0x00002a28       0x20 ./Generated_Code/GI2C1.o
                0x00002a28                GI2C1_Init
 .text.GI2C1_ReadByteAddress8
                0x00002a48       0x30 ./Generated_Code/GI2C1.o
                0x00002a48                GI2C1_ReadByteAddress8
 .text.GI2C1_WriteByteAddress8
                0x00002a78       0x30 ./Generated_Code/GI2C1.o
                0x00002a78                GI2C1_WriteByteAddress8
 .text.HWEnDi   0x00002aa8       0x1c ./Generated_Code/GPS.o
 .text.GPS_RecvChar
                0x00002ac4       0xd8 ./Generated_Code/GPS.o
                0x00002ac4                GPS_RecvChar
 .text.GPS_ClearRxBuf
                0x00002b9c       0x78 ./Generated_Code/GPS.o
                0x00002b9c                GPS_ClearRxBuf
 .text.GPS_Init
                0x00002c14       0x60 ./Generated_Code/GPS.o
                0x00002c14                GPS_Init
 .text.ASerialLdd2_OnBlockReceived
                0x00002c74       0xc8 ./Generated_Code/GPS.o
                0x00002c74                ASerialLdd2_OnBlockReceived
 .text.ASerialLdd2_OnBlockSent
                0x00002d3c       0xd0 ./Generated_Code/GPS.o
                0x00002d3c                ASerialLdd2_OnBlockSent
 .text.ASerialLdd2_OnError
                0x00002e0c       0x9c ./Generated_Code/GPS.o
                0x00002e0c                ASerialLdd2_OnError
 .text.ASerialLdd2_OnBreak
                0x00002ea8       0x24 ./Generated_Code/GPS.o
                0x00002ea8                ASerialLdd2_OnBreak
 .text.LEDG_Init
                0x00002ecc       0x14 ./Generated_Code/LEDG.o
                0x00002ecc                LEDG_Init
 .text.LEDR_Init
                0x00002ee0       0x14 ./Generated_Code/LEDR.o
                0x00002ee0                LEDR_Init
 .text.ExtIntLdd1_OnInterrupt
                0x00002ef4       0x14 ./Generated_Code/PPS.o
                0x00002ef4                ExtIntLdd1_OnInterrupt
 .text.SD1_disk_initialize
                0x00002f08      0x154 ./Generated_Code/SD1.o
                0x00002f08                SD1_disk_initialize
 .text.SD1_disk_status
                0x0000305c       0x20 ./Generated_Code/SD1.o
                0x0000305c                SD1_disk_status
 .text.SD1_disk_read
                0x0000307c       0xc0 ./Generated_Code/SD1.o
                0x0000307c                SD1_disk_read
 .text.SD1_disk_write
                0x0000313c       0xf8 ./Generated_Code/SD1.o
                0x0000313c                SD1_disk_write
 .text.chk_power
                0x00003234       0x10 ./Generated_Code/SD1.o
 .text.power_off
                0x00003244        0xc ./Generated_Code/SD1.o
 .text.power_on
                0x00003250        0xc ./Generated_Code/SD1.o
 .text.SD1_disk_ioctl
                0x0000325c      0x3f0 ./Generated_Code/SD1.o
                0x0000325c                SD1_disk_ioctl
 .text.SD1_SPI_WRITE
                0x0000364c       0x4c ./Generated_Code/SD1.o
                0x0000364c                SD1_SPI_WRITE
 .text.SD1_SPI_WRITE_READ
                0x00003698       0x4c ./Generated_Code/SD1.o
 .text.SD1_Activate
                0x000036e4       0x18 ./Generated_Code/SD1.o
                0x000036e4                SD1_Activate
 .text.SD1_Deactivate
                0x000036fc       0x14 ./Generated_Code/SD1.o
                0x000036fc                SD1_Deactivate
 .text.SD1_WaitReady
                0x00003710       0x60 ./Generated_Code/SD1.o
                0x00003710                SD1_WaitReady
 .text.SD1_ReceiveDataBlock
                0x00003770       0xb8 ./Generated_Code/SD1.o
                0x00003770                SD1_ReceiveDataBlock
 .text.SD1_SendDataBlock
                0x00003828       0x8c ./Generated_Code/SD1.o
                0x00003828                SD1_SendDataBlock
 .text.SD1_SendCmd
                0x000038b4      0x100 ./Generated_Code/SD1.o
                0x000038b4                SD1_SendCmd
 .text.SendCommand
                0x000039b4       0x88 ./Generated_Code/SD1.o
 .text.SD1_Init
                0x00003a3c       0xc4 ./Generated_Code/SD1.o
                0x00003a3c                SD1_Init
 .text.SD1_ReceiveByte
                0x00003b00       0x24 ./Generated_Code/SD1.o
                0x00003b00                SD1_ReceiveByte
 .text.SD1_SetSlowMode
                0x00003b24       0x2c ./Generated_Code/SD1.o
                0x00003b24                SD1_SetSlowMode
 .text.SD1_SetFastMode
                0x00003b50       0x2c ./Generated_Code/SD1.o
                0x00003b50                SD1_SetFastMode
 .text.SD1_InitCommChannel
                0x00003b7c       0x24 ./Generated_Code/SD1.o
                0x00003b7c                SD1_InitCommChannel
 .text.SM1_OnBlockReceived
                0x00003ba0       0x1c ./Generated_Code/SD1.o
                0x00003ba0                SM1_OnBlockReceived
 .text.SM1_Init
                0x00003bbc      0x134 ./Generated_Code/SM1.o
                0x00003bbc                SM1_Init
 .text.SM1_ReceiveBlock
                0x00003cf0       0x80 ./Generated_Code/SM1.o
                0x00003cf0                SM1_ReceiveBlock
 .text.SM1_SendBlock
                0x00003d70       0x90 ./Generated_Code/SM1.o
                0x00003d70                SM1_SendBlock
 .text.SM1_SelectConfiguration
                0x00003e00       0x88 ./Generated_Code/SM1.o
                0x00003e00                SM1_SelectConfiguration
 .text.SM1_Interrupt
                0x00003e88      0x10c ./Generated_Code/SM1.o
                0x00003e88                SM1_Interrupt
 .text.SS1_Init
                0x00003f94       0x80 ./Generated_Code/SS1.o
                0x00003f94                SS1_Init
 .text.SS1_ClrVal
                0x00004014       0x1c ./Generated_Code/SS1.o
                0x00004014                SS1_ClrVal
 .text.SS1_SetVal
                0x00004030       0x1c ./Generated_Code/SS1.o
                0x00004030                SS1_SetVal
 .text.TimerIntLdd1_OnInterrupt
                0x0000404c       0x14 ./Generated_Code/TI1.o
                0x0000404c                TimerIntLdd1_OnInterrupt
 .text.TMOUT1_GetCounter
                0x00004060       0x74 ./Generated_Code/TMOUT1.o
                0x00004060                TMOUT1_GetCounter
 .text.TMOUT1_LeaveCounter
                0x000040d4       0x44 ./Generated_Code/TMOUT1.o
                0x000040d4                TMOUT1_LeaveCounter
 .text.TMOUT1_CounterExpired
                0x00004118       0x48 ./Generated_Code/TMOUT1.o
                0x00004118                TMOUT1_CounterExpired
 .text.TMOUT1_Init
                0x00004160       0x3c ./Generated_Code/TMOUT1.o
                0x00004160                TMOUT1_Init
 .text.TU1_Init
                0x0000419c       0xf8 ./Generated_Code/TU1.o
                0x0000419c                TU1_Init
 .text.TU1_Interrupt
                0x00004294       0x6c ./Generated_Code/TU1.o
                0x00004294                TU1_Interrupt
 .text.TimerIntLdd1_Init
                0x00004300       0x50 ./Generated_Code/TimerIntLdd1.o
                0x00004300                TimerIntLdd1_Init
 .text.TU1_OnCounterRestart
                0x00004350       0x24 ./Generated_Code/TimerIntLdd1.o
                0x00004350                TU1_OnCounterRestart
 .text.TmDt1_AddTick
                0x00004374       0xf0 ./Generated_Code/TmDt1.o
                0x00004374                TmDt1_AddTick
 .text.TmDt1_SetSWTimeDate
                0x00004464       0x98 ./Generated_Code/TmDt1.o
                0x00004464                TmDt1_SetSWTimeDate
 .text.TmDt1_GetSWTimeDate
                0x000044fc       0x90 ./Generated_Code/TmDt1.o
                0x000044fc                TmDt1_GetSWTimeDate
 .text.TmDt1_GetTime
                0x0000458c       0x20 ./Generated_Code/TmDt1.o
                0x0000458c                TmDt1_GetTime
 .text.TmDt1_GetDate
                0x000045ac       0x20 ./Generated_Code/TmDt1.o
                0x000045ac                TmDt1_GetDate
 .text.TmDt1_Init
                0x000045cc       0x1c ./Generated_Code/TmDt1.o
                0x000045cc                TmDt1_Init
 .text.TmDt1_TicksToTime
                0x000045e8       0xb8 ./Generated_Code/TmDt1.o
                0x000045e8                TmDt1_TicksToTime
 .text.TmDt1_TimeToTicks
                0x000046a0       0x50 ./Generated_Code/TmDt1.o
                0x000046a0                TmDt1_TimeToTicks
 .text.WAIT1_Wait10Cycles
                0x000046f0        0x8 ./Generated_Code/WAIT1.o
                0x000046f0                WAIT1_Wait10Cycles
 .text.WAIT1_Wait100Cycles
                0x000046f8       0x28 ./Generated_Code/WAIT1.o
                0x000046f8                WAIT1_Wait100Cycles
 .text.WAIT1_WaitCycles
                0x00004720       0x34 ./Generated_Code/WAIT1.o
                0x00004720                WAIT1_WaitCycles
 .text.WAIT1_WaitLongCycles
                0x00004754       0x38 ./Generated_Code/WAIT1.o
                0x00004754                WAIT1_WaitLongCycles
 .text.WAIT1_Waitms
                0x0000478c       0x2c ./Generated_Code/WAIT1.o
                0x0000478c                WAIT1_Waitms
 .text.WAIT1_Init
                0x000047b8        0xc ./Generated_Code/WAIT1.o
                0x000047b8                WAIT1_Init
 .text.ld_word  0x000047c4       0x30 ./Generated_Code/ff.o
 .text.ld_dword
                0x000047f4       0x48 ./Generated_Code/ff.o
 .text.st_word  0x0000483c       0x34 ./Generated_Code/ff.o
 .text.st_dword
                0x00004870       0x58 ./Generated_Code/ff.o
 .text.mem_cpy  0x000048c8       0x40 ./Generated_Code/ff.o
 .text.mem_set  0x00004908       0x34 ./Generated_Code/ff.o
 .text.mem_cmp  0x0000493c       0x50 ./Generated_Code/ff.o
 .text.chk_chr  0x0000498c       0x38 ./Generated_Code/ff.o
 .text.sync_window
                0x000049c4       0x8c ./Generated_Code/ff.o
 .text.move_window
                0x00004a50       0x5c ./Generated_Code/ff.o
 .text.sync_fs  0x00004aac       0xdc ./Generated_Code/ff.o
 .text.clust2sect
                0x00004b88       0x3c ./Generated_Code/ff.o
 .text.get_fat  0x00004bc4      0x140 ./Generated_Code/ff.o
 .text.put_fat  0x00004d04      0x1c8 ./Generated_Code/ff.o
 .text.remove_chain
                0x00004ecc       0xc4 ./Generated_Code/ff.o
 .text.create_chain
                0x00004f90      0x134 ./Generated_Code/ff.o
 .text.clmt_clust
                0x000050c4       0x6c ./Generated_Code/ff.o
 .text.dir_sdi  0x00005130       0xf8 ./Generated_Code/ff.o
 .text.dir_next
                0x00005228      0x18c ./Generated_Code/ff.o
 .text.dir_alloc
                0x000053b4       0x90 ./Generated_Code/ff.o
 .text.ld_clust
                0x00005444       0x40 ./Generated_Code/ff.o
 .text.st_clust
                0x00005484       0x40 ./Generated_Code/ff.o
 .text.dir_find
                0x000054c4       0xa8 ./Generated_Code/ff.o
 .text.dir_register
                0x0000556c       0x68 ./Generated_Code/ff.o
 .text.create_name
                0x000055d4      0x200 ./Generated_Code/ff.o
 .text.follow_path
                0x000057d4      0x12c ./Generated_Code/ff.o
 .text.get_ldnumber
                0x00005900       0x90 ./Generated_Code/ff.o
 .text.check_fs
                0x00005990       0x88 ./Generated_Code/ff.o
 .text.find_volume
                0x00005a18      0x480 ./Generated_Code/ff.o
 .text.validate
                0x00005e98       0x6c ./Generated_Code/ff.o
 .text.f_mount  0x00005f04       0x88 ./Generated_Code/ff.o
                0x00005f04                f_mount
 .text.f_open   0x00005f8c      0x248 ./Generated_Code/ff.o
                0x00005f8c                f_open
 .text.f_write  0x000061d4      0x2f4 ./Generated_Code/ff.o
                0x000061d4                f_write
 .text.f_sync   0x000064c8      0x104 ./Generated_Code/ff.o
                0x000064c8                f_sync
 .text.f_close  0x000065cc       0x40 ./Generated_Code/ff.o
                0x000065cc                f_close
 .text.f_lseek  0x0000660c      0x424 ./Generated_Code/ff.o
                0x0000660c                f_lseek
 .text.pvPortMalloc
                0x00006a30      0x178 ./Generated_Code/heap_4.o
                0x00006a30                pvPortMalloc
 .text.vPortFree
                0x00006ba8       0xa0 ./Generated_Code/heap_4.o
                0x00006ba8                vPortFree
 .text.prvHeapInit
                0x00006c48       0xc8 ./Generated_Code/heap_4.o
 .text.prvInsertBlockIntoFreeList
                0x00006d10       0xb0 ./Generated_Code/heap_4.o
 .text.vListInitialise
                0x00006dc0       0x40 ./Generated_Code/list.o
                0x00006dc0                vListInitialise
 .text.vListInitialiseItem
                0x00006e00       0x18 ./Generated_Code/list.o
                0x00006e00                vListInitialiseItem
 .text.vListInsertEnd
                0x00006e18       0x48 ./Generated_Code/list.o
                0x00006e18                vListInsertEnd
 .text.vListInsert
                0x00006e60       0x70 ./Generated_Code/list.o
                0x00006e60                vListInsert
 .text.uxListRemove
                0x00006ed0       0x54 ./Generated_Code/list.o
                0x00006ed0                uxListRemove
 .text.pxPortInitialiseStack
                0x00006f24       0x60 ./Generated_Code/port.o
                0x00006f24                pxPortInitialiseStack
 .text.vPortInitTickTimer
                0x00006f84       0x44 ./Generated_Code/port.o
                0x00006f84                vPortInitTickTimer
 .text.vPortStartTickTimer
                0x00006fc8       0x18 ./Generated_Code/port.o
                0x00006fc8                vPortStartTickTimer
 .text.vPortStopTickTimer
                0x00006fe0       0x18 ./Generated_Code/port.o
                0x00006fe0                vPortStopTickTimer
 .text.vPortEnableVFP
                0x00006ff8       0x1c ./Generated_Code/port.o
                0x00006ff8                vPortEnableVFP
 .text.xPortStartScheduler
                0x00007014       0xc4 ./Generated_Code/port.o
                0x00007014                xPortStartScheduler
 .text.vPortEnterCritical
                0x000070d8       0x4c ./Generated_Code/port.o
                0x000070d8                vPortEnterCritical
 .text.vPortExitCritical
                0x00007124       0x2c ./Generated_Code/port.o
                0x00007124                vPortExitCritical
 .text.vPortYieldFromISR
                0x00007150       0x20 ./Generated_Code/port.o
                0x00007150                vPortYieldFromISR
 .text.vPortTickHandler
                0x00007170       0x24 ./Generated_Code/port.o
                0x00007170                vPortTickHandler
 .text.vPortStartFirstTask
                0x00007194       0x20 ./Generated_Code/port.o
                0x00007194                vPortStartFirstTask
 .text.vPortSVCHandler
                0x000071b4       0x1c ./Generated_Code/port.o
                0x000071b4                vPortSVCHandler
 .text.vPortPendSVHandler
                0x000071d0       0x50 ./Generated_Code/port.o
                0x000071d0                vPortPendSVHandler
 .text.xQueueGenericReset
                0x00007220       0xb4 ./Generated_Code/queue.o
                0x00007220                xQueueGenericReset
 .text.xQueueGenericCreate
                0x000072d4       0x68 ./Generated_Code/queue.o
                0x000072d4                xQueueGenericCreate
 .text.prvInitialiseNewQueue
                0x0000733c       0x3c ./Generated_Code/queue.o
 .text.xQueueGenericSend
                0x00007378      0x1ac ./Generated_Code/queue.o
                0x00007378                xQueueGenericSend
 .text.xQueueGenericReceive
                0x00007524      0x1e4 ./Generated_Code/queue.o
                0x00007524                xQueueGenericReceive
 .text.prvCopyDataToQueue
                0x00007708       0xd8 ./Generated_Code/queue.o
 .text.prvCopyDataFromQueue
                0x000077e0       0x4c ./Generated_Code/queue.o
 .text.prvUnlockQueue
                0x0000782c       0xa0 ./Generated_Code/queue.o
 .text.prvIsQueueEmpty
                0x000078cc       0x2c ./Generated_Code/queue.o
 .text.prvIsQueueFull
                0x000078f8       0x30 ./Generated_Code/queue.o
 .text.xTaskCreate
                0x00007928       0x84 ./Generated_Code/tasks.o
                0x00007928                xTaskCreate
 .text.prvInitialiseNewTask
                0x000079ac      0x104 ./Generated_Code/tasks.o
 .text.prvAddNewTaskToReadyList
                0x00007ab0       0xc4 ./Generated_Code/tasks.o
 .text.vTaskStartScheduler
                0x00007b74       0x74 ./Generated_Code/tasks.o
                0x00007b74                vTaskStartScheduler
 .text.vTaskSuspendAll
                0x00007be8       0x1c ./Generated_Code/tasks.o
                0x00007be8                vTaskSuspendAll
 .text.xTaskResumeAll
                0x00007c04      0x11c ./Generated_Code/tasks.o
                0x00007c04                xTaskResumeAll
 .text.xTaskIncrementTick
                0x00007d20      0x180 ./Generated_Code/tasks.o
                0x00007d20                xTaskIncrementTick
 .text.vTaskSwitchContext
                0x00007ea0       0xc8 ./Generated_Code/tasks.o
                0x00007ea0                vTaskSwitchContext
 .text.vTaskPlaceOnEventList
                0x00007f68       0x3c ./Generated_Code/tasks.o
                0x00007f68                vTaskPlaceOnEventList
 .text.xTaskRemoveFromEventList
                0x00007fa4       0xb8 ./Generated_Code/tasks.o
                0x00007fa4                xTaskRemoveFromEventList
 .text.vTaskSetTimeOutState
                0x0000805c       0x3c ./Generated_Code/tasks.o
                0x0000805c                vTaskSetTimeOutState
 .text.xTaskCheckForTimeOut
                0x00008098       0xa8 ./Generated_Code/tasks.o
                0x00008098                xTaskCheckForTimeOut
 .text.vTaskMissedYield
                0x00008140       0x18 ./Generated_Code/tasks.o
                0x00008140                vTaskMissedYield
 .text.prvIdleTask
                0x00008158       0x24 ./Generated_Code/tasks.o
 .text.prvInitialiseTaskLists
                0x0000817c       0x74 ./Generated_Code/tasks.o
 .text.prvCheckTasksWaitingTermination
                0x000081f0        0xc ./Generated_Code/tasks.o
 .text.prvResetNextTaskUnblockTime
                0x000081fc       0x48 ./Generated_Code/tasks.o
 .text.xTaskGetSchedulerState
                0x00008244       0x3c ./Generated_Code/tasks.o
                0x00008244                xTaskGetSchedulerState
 .text.vTaskPriorityInherit
                0x00008280       0xec ./Generated_Code/tasks.o
                0x00008280                vTaskPriorityInherit
 .text.xTaskPriorityDisinherit
                0x0000836c       0xf4 ./Generated_Code/tasks.o
                0x0000836c                xTaskPriorityDisinherit
 .text.pvTaskIncrementMutexHeldCount
                0x00008460       0x28 ./Generated_Code/tasks.o
                0x00008460                pvTaskIncrementMutexHeldCount
 .text.prvAddCurrentTaskToDelayedList
                0x00008488       0xc8 ./Generated_Code/tasks.o
 .text.exit     0x00008550       0x28 c:/freescale/kds_v3/toolchain/bin/../lib/gcc/arm-none-eabi/4.8.4/../../../../arm-none-eabi/lib/armv7e-m/fpu\libg_s.a(lib_a-exit.o)
                0x00008550                exit
 .text.__libc_init_array
                0x00008578       0x4c c:/freescale/kds_v3/toolchain/bin/../lib/gcc/arm-none-eabi/4.8.4/../../../../arm-none-eabi/lib/armv7e-m/fpu\libg_s.a(lib_a-init.o)
                0x00008578                __libc_init_array
 .text.memcpy   0x000085c4       0x12 c:/freescale/kds_v3/toolchain/bin/../lib/gcc/arm-none-eabi/4.8.4/../../../../arm-none-eabi/lib/armv7e-m/fpu\libg_s.a(lib_a-memcpy-stub.o)
                0x000085c4                memcpy
 .text.memset   0x000085d6       0x10 c:/freescale/kds_v3/toolchain/bin/../lib/gcc/arm-none-eabi/4.8.4/../../../../arm-none-eabi/lib/armv7e-m/fpu\libg_s.a(lib_a-memset.o)
                0x000085d6                memset
 .text.strlen   0x000085e6       0x10 c:/freescale/kds_v3/toolchain/bin/../lib/gcc/arm-none-eabi/4.8.4/../../../../arm-none-eabi/lib/armv7e-m/fpu\libg_s.a(lib_a-strlen.o)
                0x000085e6                strlen
 *fill*         0x000085f6        0x2 
 .text._exit    0x000085f8        0x4 c:/freescale/kds_v3/toolchain/bin/../lib/gcc/arm-none-eabi/4.8.4/../../../../arm-none-eabi/lib/armv7e-m/fpu\libnosys.a(_exit.o)
                0x000085f8                _exit
 *(.rodata)
 .rodata        0x000085fc       0x24 ./Sources/main.o
 .rodata        0x00008620       0x44 ./Generated_Code/ff.o
 .rodata        0x00008664        0x8 ./Generated_Code/tasks.o
 *(.rodata*)
 .rodata.ClockGenModeMatrix
                0x0000866c       0x80 ./Static_Code/System/CPU_Init.o
 .rodata.CPU_ClockConfigDescriptors
                0x000086ec       0x1c ./Static_Code/System/CPU_Init.o
 .rodata.CPU_DefaultFEI
                0x00008708        0x8 ./Static_Code/System/CPU_Init.o
 .rodata.CPU_DefaultFBI
                0x00008710        0x8 ./Static_Code/System/CPU_Init.o
 .rodata.CPU_DefaultBLPI
                0x00008718        0x8 ./Static_Code/System/CPU_Init.o
 .rodata.CPU_DefaultFEE
                0x00008720        0x8 ./Static_Code/System/CPU_Init.o
 .rodata.CPU_DefaultFBE
                0x00008728        0x8 ./Static_Code/System/CPU_Init.o
 .rodata.CPU_DefaultBLPE
                0x00008730        0x8 ./Static_Code/System/CPU_Init.o
 .rodata.CPU_DefaultPBE
                0x00008738        0x8 ./Static_Code/System/CPU_Init.o
 .rodata.CPU_DefaultPEE
                0x00008740        0x8 ./Static_Code/System/CPU_Init.o
 .rodata.CPU_ClockGenModeRegs
                0x00008748       0x20 ./Static_Code/System/CPU_Init.o
 .rodata.addr.6499
                0x00008768        0x1 ./Generated_Code/FX1.o
 *fill*         0x00008769        0x3 
 .rodata.ConfigurationSet
                0x0000876c        0x8 ./Generated_Code/SM1.o
 .rodata.TxCommandList
                0x00008774        0x8 ./Generated_Code/SM1.o
 .rodata.TmDt1_DefaultTime
                0x0000877c        0x4 ./Generated_Code/TmDt1.o
 .rodata.TmDt1_DefaultDate
                0x00008780        0x4 ./Generated_Code/TmDt1.o
 .rodata.ULY    0x00008784        0xc ./Generated_Code/TmDt1.o
 .rodata.LY     0x00008790        0xc ./Generated_Code/TmDt1.o
 .rodata.ExCvt  0x0000879c       0x80 ./Generated_Code/ff.o
 .rodata.str1.1
                0x0000881c        0x2 c:/freescale/kds_v3/toolchain/bin/../lib/gcc/arm-none-eabi/4.8.4/../../../../arm-none-eabi/lib/armv7e-m/fpu\libg_s.a(lib_a-impure.o)
 *fill*         0x0000881e        0x2 
 .rodata._global_impure_ptr
                0x00008820        0x4 c:/freescale/kds_v3/toolchain/bin/../lib/gcc/arm-none-eabi/4.8.4/../../../../arm-none-eabi/lib/armv7e-m/fpu\libg_s.a(lib_a-impure.o)
                0x00008820                _global_impure_ptr
 *(.glue_7)
 .glue_7        0x00000000        0x0 linker stubs
 *(.glue_7t)
 .glue_7t       0x00000000        0x0 linker stubs
 *(.eh_frame)
 .eh_frame      0x00008824        0x0 c:/freescale/kds_v3/toolchain/bin/../lib/gcc/arm-none-eabi/4.8.4/armv7e-m/fpu/crtbegin.o
 *(.init)
 .init          0x00008824        0x4 c:/freescale/kds_v3/toolchain/bin/../lib/gcc/arm-none-eabi/4.8.4/armv7e-m/fpu/crti.o
                0x00008824                _init
 .init          0x00008828        0x8 c:/freescale/kds_v3/toolchain/bin/../lib/gcc/arm-none-eabi/4.8.4/armv7e-m/fpu/crtn.o
 *(.fini)
 .fini          0x00008830        0x4 c:/freescale/kds_v3/toolchain/bin/../lib/gcc/arm-none-eabi/4.8.4/armv7e-m/fpu/crti.o
                0x00008830                _fini
 .fini          0x00008834        0x8 c:/freescale/kds_v3/toolchain/bin/../lib/gcc/arm-none-eabi/4.8.4/armv7e-m/fpu/crtn.o
                0x0000883c                . = ALIGN (0x4)
                0x0000883c                _etext = .

.vfp11_veneer   0x0000883c        0x0
 .vfp11_veneer  0x00000000        0x0 linker stubs

.v4_bx          0x0000883c        0x0
 .v4_bx         0x00000000        0x0 linker stubs

.iplt           0x0000883c        0x0
 .iplt          0x00000000        0x0 c:/freescale/kds_v3/toolchain/bin/../lib/gcc/arm-none-eabi/4.8.4/armv7e-m/fpu/crtbegin.o

.ARM.extab
 *(.ARM.extab* .gnu.linkonce.armextab.*)

.ARM            0x0000883c        0x8
                0x0000883c                __exidx_start = .
 *(.ARM.exidx*)
 .ARM.exidx     0x0000883c        0x8 c:/freescale/kds_v3/toolchain/bin/../lib/gcc/arm-none-eabi/4.8.4/../../../../arm-none-eabi/lib/armv7e-m/fpu/crt0.o
                0x00008844                __exidx_end = .

.rel.dyn        0x00008844        0x0
 .rel.iplt      0x00000000        0x0 c:/freescale/kds_v3/toolchain/bin/../lib/gcc/arm-none-eabi/4.8.4/armv7e-m/fpu/crtbegin.o

.ctors          0x00008844        0x0
                0x00008844                __CTOR_LIST__ = .
 *crtbegin.o(.ctors)
 *(EXCLUDE_FILE(*crtend.o) .ctors)
 *(SORT(.ctors.*))
 *(.ctors)
                0x00008844                __CTOR_END__ = .

.dtors          0x00008844        0x0
                0x00008844                __DTOR_LIST__ = .
 *crtbegin.o(.dtors)
 *(EXCLUDE_FILE(*crtend.o) .dtors)
 *(SORT(.dtors.*))
 *(.dtors)
                0x00008844                __DTOR_END__ = .

.preinit_array  0x00008844        0x0
                0x00008844                PROVIDE (__preinit_array_start, .)
 *(.preinit_array*)
                0x00008844                PROVIDE (__preinit_array_end, .)

.init_array     0x00008844        0x4
                0x00008844                PROVIDE (__init_array_start, .)
 *(SORT(.init_array.*))
 *(.init_array*)
 .init_array    0x00008844        0x4 c:/freescale/kds_v3/toolchain/bin/../lib/gcc/arm-none-eabi/4.8.4/armv7e-m/fpu/crtbegin.o
                0x00008848                PROVIDE (__init_array_end, .)

.fini_array     0x00008848        0x4
                0x00008848                PROVIDE (__fini_array_start, .)
 *(SORT(.fini_array.*))
 *(.fini_array*)
 .fini_array    0x00008848        0x4 c:/freescale/kds_v3/toolchain/bin/../lib/gcc/arm-none-eabi/4.8.4/armv7e-m/fpu/crtbegin.o
                0x0000884c                PROVIDE (__fini_array_end, .)
                0x0000884c                ___ROM_AT = .

.data           0x20000000       0x6c load address 0x0000884c
                0x20000000                . = ALIGN (0x4)
                0x20000000                _sdata = .
 *(.data)
 *(.data*)
 .data.Stat     0x20000000        0x1 ./Generated_Code/SD1.o
 .data.CardType
                0x20000001        0x1 ./Generated_Code/SD1.o
 .data.currentSpeedMode
                0x20000002        0x1 ./Generated_Code/SD1.o
 *fill*         0x20000003        0x1 
 .data.xHeapStructSize
                0x20000004        0x4 ./Generated_Code/heap_4.o
 .data.uxCriticalNesting
                0x20000008        0x4 ./Generated_Code/port.o
 .data.impure_data
                0x2000000c       0x60 c:/freescale/kds_v3/toolchain/bin/../lib/gcc/arm-none-eabi/4.8.4/../../../../arm-none-eabi/lib/armv7e-m/fpu\libg_s.a(lib_a-impure.o)
                0x2000006c                . = ALIGN (0x4)
                0x2000006c                _edata = .
                0x0000006c                ___data_size = (_edata - _sdata)
                0x000088b8                ___m_data_1FFF0000_ROMStart = (___ROM_AT + SIZEOF (.data))

.jcr            0x2000006c        0x0 load address 0x000088b8
 .jcr           0x2000006c        0x0 c:/freescale/kds_v3/toolchain/bin/../lib/gcc/arm-none-eabi/4.8.4/armv7e-m/fpu/crtbegin.o

.igot.plt       0x2000006c        0x0 load address 0x000088b8
 .igot.plt      0x00000000        0x0 c:/freescale/kds_v3/toolchain/bin/../lib/gcc/arm-none-eabi/4.8.4/armv7e-m/fpu/crtbegin.o

.m_data_1FFF0000
                0x1fff0000        0x0 load address 0x000088b8
                0x1fff0000                . = ALIGN (0x4)
                0x1fff0000                ___m_data_1FFF0000_RAMStart = .
 *(.m_data_1FFF0000)
                0x1fff0000                ___m_data_1FFF0000_RAMEnd = .
                0x1fff0000                . = ALIGN (0x4)
                0x00000000                ___m_data_1FFF0000_ROMSize = (___m_data_1FFF0000_RAMEnd - ___m_data_1FFF0000_RAMStart)
                0x1fff0000                . = ALIGN (0x4)

.bss            0x2000006c     0x29ac load address 0x000088b8
                0x2000006c                __START_BSS = .
                0x2000006c                PROVIDE (__bss_start__, __START_BSS)
 *(.bss)
 .bss           0x2000006c       0x1c c:/freescale/kds_v3/toolchain/bin/../lib/gcc/arm-none-eabi/4.8.4/armv7e-m/fpu/crtbegin.o
 *(.bss*)
 .bss.SR_lock   0x20000088        0x1 ./Static_Code/System/CPU_Init.o
                0x20000088                SR_lock
 *fill*         0x20000089        0x3 
 .bss.fileSystemObject
                0x2000008c      0x234 ./Sources/main.o
 .bss.file      0x200002c0      0x22c ./Sources/main.o
 .bss.caracteres
                0x200004ec        0x4 ./Sources/main.o
 .bss.SerFlag   0x200004f0        0x2 ./Generated_Code/AS1.o
 .bss.BufferRead
                0x200004f2        0x1 ./Generated_Code/AS1.o
 .bss.OutBuffer
                0x200004f3        0x1 ./Generated_Code/AS1.o
 .bss.DeviceDataPrv__DEFAULT_RTOS_ALLOC
                0x200004f4       0x20 ./Generated_Code/ASerialLdd1.o
 .bss.DeviceDataPrv__DEFAULT_RTOS_ALLOC
                0x20000514       0x20 ./Generated_Code/ASerialLdd2.o
 .bss.INT_UART3_RX_TX__BAREBOARD_RTOS_ISRPARAM
                0x20000534        0x4 ./Generated_Code/ASerialLdd2.o
 .bss.INT_UART3_ERR__BAREBOARD_RTOS_ISRPARAM
                0x20000538        0x4 ./Generated_Code/ASerialLdd2.o
 .bss.DeviceDataPrv__DEFAULT_RTOS_ALLOC
                0x2000053c        0x4 ./Generated_Code/BitIoLdd1.o
 .bss.DeviceDataPrv__DEFAULT_RTOS_ALLOC
                0x20000540        0x4 ./Generated_Code/BitIoLdd2.o
 .bss.DeviceDataPrv__DEFAULT_RTOS_ALLOC
                0x20000544        0x4 ./Generated_Code/CD1.o
 .bss.DeviceDataPrv__DEFAULT_RTOS_ALLOC
                0x20000548       0x18 ./Generated_Code/CI2C1.o
 .bss.INT_I2C0__BAREBOARD_RTOS_ISRPARAM
                0x20000560        0x4 ./Generated_Code/CI2C1.o
 .bss.DeviceDataPrv__DEFAULT_RTOS_ALLOC
                0x20000564        0x4 ./Generated_Code/ExtIntLdd1.o
 .bss.INT_PORTC__BAREBOARD_RTOS_ISRPARAM
                0x20000568        0x4 ./Generated_Code/ExtIntLdd1.o
 .bss.sCalValues
                0x2000056c        0x8 ./Generated_Code/FX1.o
 .bss.GI2C1_deviceData
                0x20000574        0x8 ./Generated_Code/GI2C1.o
 .bss.writeBuf.6425
                0x2000057c       0x10 ./Generated_Code/GI2C1.o
 .bss.SerFlag   0x2000058c        0x2 ./Generated_Code/GPS.o
 .bss.GPS_InpLen
                0x2000058e        0x2 ./Generated_Code/GPS.o
 .bss.InpIndexR
                0x20000590        0x2 ./Generated_Code/GPS.o
 .bss.InpIndexW
                0x20000592        0x2 ./Generated_Code/GPS.o
 .bss.InpBuffer
                0x20000594      0x200 ./Generated_Code/GPS.o
 .bss.BufferRead
                0x20000794        0x1 ./Generated_Code/GPS.o
 *fill*         0x20000795        0x1 
 .bss.GPS_OutLen
                0x20000796        0x2 ./Generated_Code/GPS.o
 .bss.OutIndexR
                0x20000798        0x2 ./Generated_Code/GPS.o
 .bss.OutIndexW
                0x2000079a        0x2 ./Generated_Code/GPS.o
 .bss.OutBuffer
                0x2000079c       0x40 ./Generated_Code/GPS.o
 .bss.OnFreeTxBufSemaphore
                0x200007dc        0x1 ./Generated_Code/GPS.o
 *fill*         0x200007dd        0x3 
 .bss.PE_LDD_DeviceDataList
                0x200007e0       0x2c ./Generated_Code/PE_LDD.o
                0x200007e0                PE_LDD_DeviceDataList
 .bss.SD1_DataReceivedFlag
                0x2000080c        0x1 ./Generated_Code/SD1.o
 *fill*         0x2000080d        0x3 
 .bss.DeviceDataPrv__DEFAULT_RTOS_ALLOC
                0x20000810       0x20 ./Generated_Code/SM1.o
 .bss.INT_SPI1__BAREBOARD_RTOS_ISRPARAM
                0x20000830        0x4 ./Generated_Code/SM1.o
 .bss.DeviceDataPrv__DEFAULT_RTOS_ALLOC
                0x20000834        0x4 ./Generated_Code/SS1.o
 .bss.TMOUT1_Counters
                0x20000838        0x4 ./Generated_Code/TMOUT1.o
 .bss.TMOUT1_FreeCounters
                0x2000083c        0x4 ./Generated_Code/TMOUT1.o
 .bss.DeviceDataPrv__DEFAULT_RTOS_ALLOC
                0x20000840        0xc ./Generated_Code/TU1.o
 .bss.INT_FTM0__BAREBOARD_RTOS_ISRPARAM
                0x2000084c        0x4 ./Generated_Code/TU1.o
 .bss.DeviceDataPrv__DEFAULT_RTOS_ALLOC
                0x20000850        0xc ./Generated_Code/TimerIntLdd1.o
 .bss.CntDay    0x2000085c        0x1 ./Generated_Code/TmDt1.o
 .bss.CntMonth  0x2000085d        0x1 ./Generated_Code/TmDt1.o
 .bss.CntYear   0x2000085e        0x2 ./Generated_Code/TmDt1.o
 .bss.tickCntr  0x20000860        0x4 ./Generated_Code/TmDt1.o
 .bss.FatFs     0x20000864        0x4 ./Generated_Code/ff.o
 .bss.Fsid      0x20000868        0x2 ./Generated_Code/ff.o
 *fill*         0x2000086a        0x2 
 .bss.ucHeap    0x2000086c     0x2000 ./Generated_Code/heap_4.o
 .bss.xStart    0x2000286c        0x8 ./Generated_Code/heap_4.o
 .bss.pxEnd     0x20002874        0x4 ./Generated_Code/heap_4.o
 .bss.xFreeBytesRemaining
                0x20002878        0x4 ./Generated_Code/heap_4.o
 .bss.xMinimumEverFreeBytesRemaining
                0x2000287c        0x4 ./Generated_Code/heap_4.o
 .bss.xBlockAllocatedBit
                0x20002880        0x4 ./Generated_Code/heap_4.o
 .bss.ucMaxSysCallPriority
                0x20002884        0x1 ./Generated_Code/port.o
 *fill*         0x20002885        0x3 
 .bss.ulMaxPRIGROUPValue
                0x20002888        0x4 ./Generated_Code/port.o
 .bss.pxCurrentTCB
                0x2000288c        0x4 ./Generated_Code/tasks.o
                0x2000288c                pxCurrentTCB
 .bss.pxReadyTasksLists
                0x20002890       0x78 ./Generated_Code/tasks.o
 .bss.xDelayedTaskList1
                0x20002908       0x14 ./Generated_Code/tasks.o
 .bss.xDelayedTaskList2
                0x2000291c       0x14 ./Generated_Code/tasks.o
 .bss.pxDelayedTaskList
                0x20002930        0x4 ./Generated_Code/tasks.o
 .bss.pxOverflowDelayedTaskList
                0x20002934        0x4 ./Generated_Code/tasks.o
 .bss.xPendingReadyList
                0x20002938       0x14 ./Generated_Code/tasks.o
 .bss.xSuspendedTaskList
                0x2000294c       0x14 ./Generated_Code/tasks.o
 .bss.uxCurrentNumberOfTasks
                0x20002960        0x4 ./Generated_Code/tasks.o
 .bss.xTickCount
                0x20002964        0x4 ./Generated_Code/tasks.o
 .bss.uxTopReadyPriority
                0x20002968        0x4 ./Generated_Code/tasks.o
 .bss.xSchedulerRunning
                0x2000296c        0x4 ./Generated_Code/tasks.o
 .bss.uxPendedTicks
                0x20002970        0x4 ./Generated_Code/tasks.o
 .bss.xYieldPending
                0x20002974        0x4 ./Generated_Code/tasks.o
 .bss.xNumOfOverflows
                0x20002978        0x4 ./Generated_Code/tasks.o
 .bss.uxTaskNumber
                0x2000297c        0x4 ./Generated_Code/tasks.o
 .bss.xNextTaskUnblockTime
                0x20002980        0x4 ./Generated_Code/tasks.o
 .bss.xIdleTaskHandle
                0x20002984        0x4 ./Generated_Code/tasks.o
 .bss.uxSchedulerSuspended
                0x20002988        0x4 ./Generated_Code/tasks.o
 *(COMMON)
 COMMON         0x2000298c        0x1 ./Static_Code/System/CPU_Init.o
                0x2000298c                SR_reg
 *fill*         0x2000298d        0x3 
 COMMON         0x20002990       0x80 ./Sources/main.o
                0x20002990                cadena
 COMMON         0x20002a10        0x4 ./Generated_Code/AS1.o
                0x20002a10                ASerialLdd1_DeviceDataPtr
 COMMON         0x20002a14        0x4 ./Generated_Code/GPS.o
                0x20002a14                ASerialLdd2_DeviceDataPtr
                0x20002a18                . = ALIGN (0x4)
                0x20002a18                __END_BSS = .
                0x20002a18                PROVIDE (__bss_end__, __END_BSS)
                0x000088b8                _romp_at = ((___ROM_AT + SIZEOF (.data)) + SIZEOF (.m_data_1FFF0000))

.romp           0x20002a18       0x24 load address 0x000088b8
                0x000088b8                __S_romp = _romp_at
                0x20002a18        0x4 LONG 0x884c ___ROM_AT
                0x20002a1c        0x4 LONG 0x20000000 _sdata
                0x20002a20        0x4 LONG 0x6c ___data_size
                0x20002a24        0x4 LONG 0x88b8 ___m_data_1FFF0000_ROMStart
                0x20002a28        0x4 LONG 0x1fff0000 ___m_data_1FFF0000_RAMStart
                0x20002a2c        0x4 LONG 0x0 ___m_data_1FFF0000_ROMSize
                0x20002a30        0x4 LONG 0x0
                0x20002a34        0x4 LONG 0x0
                0x20002a38        0x4 LONG 0x0
                0x00100000                text_end = (ORIGIN (m_text) + 0xffbf0)
                0x000088dc                data_init_end = ((___m_data_1FFF0000_ROMStart + SIZEOF (.m_data_1FFF0000)) + SIZEOF (.romp))
                0x00000001                ASSERT ((data_init_end <= text_end), region m_text overflowed with text and data)

._user_heap_stack
                0x20002a3c      0x400 load address 0x000088dc
                0x20002a3c                . = ALIGN (0x4)
                0x20002a3c                PROVIDE (end, .)
                0x20002a3c                PROVIDE (_end, .)
                0x20002a3c                PROVIDE (__end__, .)
                0x20002a3c                __heap_addr = .
                0x20002a3c                __HeapBase = .
                0x20002a3c                . = (. + __heap_size)
                0x20002a3c                __HeapLimit = .
                0x20002e3c                . = (. + __stack_size)
 *fill*         0x20002a3c      0x400 
                0x20002e3c                . = ALIGN (0x4)

.ARM.attributes
                0x00000000       0x30
 *(.ARM.attributes)
 .ARM.attributes
                0x00000000       0x22 c:/freescale/kds_v3/toolchain/bin/../lib/gcc/arm-none-eabi/4.8.4/armv7e-m/fpu/crti.o
 .ARM.attributes
                0x00000022       0x34 c:/freescale/kds_v3/toolchain/bin/../lib/gcc/arm-none-eabi/4.8.4/armv7e-m/fpu/crtbegin.o
 .ARM.attributes
                0x00000056       0x20 c:/freescale/kds_v3/toolchain/bin/../lib/gcc/arm-none-eabi/4.8.4/../../../../arm-none-eabi/lib/armv7e-m/fpu/crt0.o
 .ARM.attributes
                0x00000076       0x39 ./Static_Code/System/CPU_Init.o
 .ARM.attributes
                0x000000af       0x39 ./Static_Code/System/Vectors.o
 .ARM.attributes
                0x000000e8       0x39 ./Sources/Events.o
 .ARM.attributes
                0x00000121       0x39 ./Sources/main.o
 .ARM.attributes
                0x0000015a       0x39 ./Project_Settings/Startup_Code/startup.o
 .ARM.attributes
                0x00000193       0x39 ./Generated_Code/AS1.o
 .ARM.attributes
                0x000001cc       0x39 ./Generated_Code/ASerialLdd1.o
 .ARM.attributes
                0x00000205       0x39 ./Generated_Code/ASerialLdd2.o
 .ARM.attributes
                0x0000023e       0x39 ./Generated_Code/BitIoLdd1.o
 .ARM.attributes
                0x00000277       0x39 ./Generated_Code/BitIoLdd2.o
 .ARM.attributes
                0x000002b0       0x39 ./Generated_Code/CD1.o
 .ARM.attributes
                0x000002e9       0x39 ./Generated_Code/CI2C1.o
 .ARM.attributes
                0x00000322       0x39 ./Generated_Code/Cpu.o
 .ARM.attributes
                0x0000035b       0x39 ./Generated_Code/ExtIntLdd1.o
 .ARM.attributes
                0x00000394       0x39 ./Generated_Code/FAT1.o
 .ARM.attributes
                0x000003cd       0x39 ./Generated_Code/FRTOS1.o
 .ARM.attributes
                0x00000406       0x39 ./Generated_Code/FX1.o
 .ARM.attributes
                0x0000043f       0x39 ./Generated_Code/GI2C1.o
 .ARM.attributes
                0x00000478       0x39 ./Generated_Code/GPS.o
 .ARM.attributes
                0x000004b1       0x39 ./Generated_Code/LEDG.o
 .ARM.attributes
                0x000004ea       0x39 ./Generated_Code/LEDR.o
 .ARM.attributes
                0x00000523       0x39 ./Generated_Code/PE_LDD.o
 .ARM.attributes
                0x0000055c       0x39 ./Generated_Code/PPS.o
 .ARM.attributes
                0x00000595       0x39 ./Generated_Code/SD1.o
 .ARM.attributes
                0x000005ce       0x39 ./Generated_Code/SM1.o
 .ARM.attributes
                0x00000607       0x39 ./Generated_Code/SS1.o
 .ARM.attributes
                0x00000640       0x39 ./Generated_Code/TI1.o
 .ARM.attributes
                0x00000679       0x39 ./Generated_Code/TMOUT1.o
 .ARM.attributes
                0x000006b2       0x39 ./Generated_Code/TU1.o
 .ARM.attributes
                0x000006eb       0x39 ./Generated_Code/TimerIntLdd1.o
 .ARM.attributes
                0x00000724       0x39 ./Generated_Code/TmDt1.o
 .ARM.attributes
                0x0000075d       0x39 ./Generated_Code/WAIT1.o
 .ARM.attributes
                0x00000796       0x39 ./Generated_Code/ff.o
 .ARM.attributes
                0x000007cf       0x39 ./Generated_Code/heap_4.o
 .ARM.attributes
                0x00000808       0x39 ./Generated_Code/list.o
 .ARM.attributes
                0x00000841       0x39 ./Generated_Code/port.o
 .ARM.attributes
                0x0000087a       0x39 ./Generated_Code/queue.o
 .ARM.attributes
                0x000008b3       0x39 ./Generated_Code/tasks.o
 .ARM.attributes
                0x000008ec       0x34 c:/freescale/kds_v3/toolchain/bin/../lib/gcc/arm-none-eabi/4.8.4/../../../../arm-none-eabi/lib/armv7e-m/fpu\libg_s.a(lib_a-exit.o)
 .ARM.attributes
                0x00000920       0x34 c:/freescale/kds_v3/toolchain/bin/../lib/gcc/arm-none-eabi/4.8.4/../../../../arm-none-eabi/lib/armv7e-m/fpu\libg_s.a(lib_a-impure.o)
 .ARM.attributes
                0x00000954       0x34 c:/freescale/kds_v3/toolchain/bin/../lib/gcc/arm-none-eabi/4.8.4/../../../../arm-none-eabi/lib/armv7e-m/fpu\libg_s.a(lib_a-init.o)
 .ARM.attributes
                0x00000988       0x34 c:/freescale/kds_v3/toolchain/bin/../lib/gcc/arm-none-eabi/4.8.4/../../../../arm-none-eabi/lib/armv7e-m/fpu\libg_s.a(lib_a-memcpy-stub.o)
 .ARM.attributes
                0x000009bc       0x34 c:/freescale/kds_v3/toolchain/bin/../lib/gcc/arm-none-eabi/4.8.4/../../../../arm-none-eabi/lib/armv7e-m/fpu\libg_s.a(lib_a-memset.o)
 .ARM.attributes
                0x000009f0       0x34 c:/freescale/kds_v3/toolchain/bin/../lib/gcc/arm-none-eabi/4.8.4/../../../../arm-none-eabi/lib/armv7e-m/fpu\libg_s.a(lib_a-strlen.o)
 .ARM.attributes
                0x00000a24       0x34 c:/freescale/kds_v3/toolchain/bin/../lib/gcc/arm-none-eabi/4.8.4/../../../../arm-none-eabi/lib/armv7e-m/fpu\libnosys.a(_exit.o)
 .ARM.attributes
                0x00000a58       0x22 c:/freescale/kds_v3/toolchain/bin/../lib/gcc/arm-none-eabi/4.8.4/armv7e-m/fpu/crtn.o
OUTPUT(DataLogger.elf elf32-littlearm)

.debug_info     0x00000000     0xf5f5
 .debug_info    0x00000000      0xb43 ./Static_Code/System/CPU_Init.o
 .debug_info    0x00000b43      0x8fa ./Static_Code/System/Vectors.o
 .debug_info    0x0000143d      0x28c ./Sources/Events.o
 .debug_info    0x000016c9      0x726 ./Sources/main.o
 .debug_info    0x00001def      0x3b0 ./Project_Settings/Startup_Code/startup.o
 .debug_info    0x0000219f      0x221 ./Generated_Code/AS1.o
 .debug_info    0x000023c0      0x89d ./Generated_Code/ASerialLdd1.o
 .debug_info    0x00002c5d      0x9dc ./Generated_Code/ASerialLdd2.o
 .debug_info    0x00003639      0x503 ./Generated_Code/BitIoLdd1.o
 .debug_info    0x00003b3c      0x503 ./Generated_Code/BitIoLdd2.o
 .debug_info    0x0000403f      0x4bb ./Generated_Code/CD1.o
 .debug_info    0x000044fa      0x8a2 ./Generated_Code/CI2C1.o
 .debug_info    0x00004d9c      0x17b ./Generated_Code/Cpu.o
 .debug_info    0x00004f17      0x5fc ./Generated_Code/ExtIntLdd1.o
 .debug_info    0x00005513      0x582 ./Generated_Code/FAT1.o
 .debug_info    0x00005a95       0xd5 ./Generated_Code/FRTOS1.o
 .debug_info    0x00005b6a      0x89b ./Generated_Code/FX1.o
 .debug_info    0x00006405      0x6e1 ./Generated_Code/GI2C1.o
 .debug_info    0x00006ae6      0x5d8 ./Generated_Code/GPS.o
 .debug_info    0x000070be      0x104 ./Generated_Code/LEDG.o
 .debug_info    0x000071c2      0x104 ./Generated_Code/LEDR.o
 .debug_info    0x000072c6      0x30f ./Generated_Code/PE_LDD.o
 .debug_info    0x000075d5      0x18a ./Generated_Code/PPS.o
 .debug_info    0x0000775f      0x766 ./Generated_Code/SD1.o
 .debug_info    0x00007ec5      0x993 ./Generated_Code/SM1.o
 .debug_info    0x00008858      0x537 ./Generated_Code/SS1.o
 .debug_info    0x00008d8f      0x18a ./Generated_Code/TI1.o
 .debug_info    0x00008f19      0x2bb ./Generated_Code/TMOUT1.o
 .debug_info    0x000091d4      0x647 ./Generated_Code/TU1.o
 .debug_info    0x0000981b      0x177 ./Generated_Code/TimerIntLdd1.o
 .debug_info    0x00009992      0xb04 ./Generated_Code/TmDt1.o
 .debug_info    0x0000a496      0x170 ./Generated_Code/WAIT1.o
 .debug_info    0x0000a606     0x238e ./Generated_Code/ff.o
 .debug_info    0x0000c994      0x306 ./Generated_Code/heap_4.o
 .debug_info    0x0000cc9a      0x2a8 ./Generated_Code/list.o
 .debug_info    0x0000cf42      0x35d ./Generated_Code/port.o
 .debug_info    0x0000d29f      0xda1 ./Generated_Code/queue.o
 .debug_info    0x0000e040     0x15b5 ./Generated_Code/tasks.o

.debug_abbrev   0x00000000     0x34a8
 .debug_abbrev  0x00000000      0x1ce ./Static_Code/System/CPU_Init.o
 .debug_abbrev  0x000001ce      0x103 ./Static_Code/System/Vectors.o
 .debug_abbrev  0x000002d1      0x107 ./Sources/Events.o
 .debug_abbrev  0x000003d8      0x1f7 ./Sources/main.o
 .debug_abbrev  0x000005cf      0x189 ./Project_Settings/Startup_Code/startup.o
 .debug_abbrev  0x00000758      0x131 ./Generated_Code/AS1.o
 .debug_abbrev  0x00000889      0x1c3 ./Generated_Code/ASerialLdd1.o
 .debug_abbrev  0x00000a4c      0x1db ./Generated_Code/ASerialLdd2.o
 .debug_abbrev  0x00000c27      0x14e ./Generated_Code/BitIoLdd1.o
 .debug_abbrev  0x00000d75      0x14e ./Generated_Code/BitIoLdd2.o
 .debug_abbrev  0x00000ec3      0x14e ./Generated_Code/CD1.o
 .debug_abbrev  0x00001011      0x1a5 ./Generated_Code/CI2C1.o
 .debug_abbrev  0x000011b6       0x93 ./Generated_Code/Cpu.o
 .debug_abbrev  0x00001249      0x15d ./Generated_Code/ExtIntLdd1.o
 .debug_abbrev  0x000013a6      0x1ad ./Generated_Code/FAT1.o
 .debug_abbrev  0x00001553       0x84 ./Generated_Code/FRTOS1.o
 .debug_abbrev  0x000015d7      0x1b5 ./Generated_Code/FX1.o
 .debug_abbrev  0x0000178c      0x1eb ./Generated_Code/GI2C1.o
 .debug_abbrev  0x00001977      0x211 ./Generated_Code/GPS.o
 .debug_abbrev  0x00001b88       0xc6 ./Generated_Code/LEDG.o
 .debug_abbrev  0x00001c4e       0xc6 ./Generated_Code/LEDR.o
 .debug_abbrev  0x00001d14      0x11c ./Generated_Code/PE_LDD.o
 .debug_abbrev  0x00001e30       0xb8 ./Generated_Code/PPS.o
 .debug_abbrev  0x00001ee8      0x235 ./Generated_Code/SD1.o
 .debug_abbrev  0x0000211d      0x1f3 ./Generated_Code/SM1.o
 .debug_abbrev  0x00002310      0x186 ./Generated_Code/SS1.o
 .debug_abbrev  0x00002496       0xb8 ./Generated_Code/TI1.o
 .debug_abbrev  0x0000254e       0xf8 ./Generated_Code/TMOUT1.o
 .debug_abbrev  0x00002646      0x16a ./Generated_Code/TU1.o
 .debug_abbrev  0x000027b0       0xdd ./Generated_Code/TimerIntLdd1.o
 .debug_abbrev  0x0000288d      0x1de ./Generated_Code/TmDt1.o
 .debug_abbrev  0x00002a6b       0xb1 ./Generated_Code/WAIT1.o
 .debug_abbrev  0x00002b1c      0x1ee ./Generated_Code/ff.o
 .debug_abbrev  0x00002d0a      0x17c ./Generated_Code/heap_4.o
 .debug_abbrev  0x00002e86       0xc1 ./Generated_Code/list.o
 .debug_abbrev  0x00002f47      0x131 ./Generated_Code/port.o
 .debug_abbrev  0x00003078      0x1a6 ./Generated_Code/queue.o
 .debug_abbrev  0x0000321e      0x28a ./Generated_Code/tasks.o

.debug_aranges  0x00000000     0x1438
 .debug_aranges
                0x00000000       0x40 ./Static_Code/System/CPU_Init.o
 .debug_aranges
                0x00000040      0x340 ./Static_Code/System/Vectors.o
 .debug_aranges
                0x00000380       0x80 ./Sources/Events.o
 .debug_aranges
                0x00000400       0x50 ./Sources/main.o
 .debug_aranges
                0x00000450       0x50 ./Project_Settings/Startup_Code/startup.o
 .debug_aranges
                0x000004a0       0x50 ./Generated_Code/AS1.o
 .debug_aranges
                0x000004f0       0x60 ./Generated_Code/ASerialLdd1.o
 .debug_aranges
                0x00000550       0x50 ./Generated_Code/ASerialLdd2.o
 .debug_aranges
                0x000005a0       0x40 ./Generated_Code/BitIoLdd1.o
 .debug_aranges
                0x000005e0       0x40 ./Generated_Code/BitIoLdd2.o
 .debug_aranges
                0x00000620       0x30 ./Generated_Code/CD1.o
 .debug_aranges
                0x00000650       0x48 ./Generated_Code/CI2C1.o
 .debug_aranges
                0x00000698       0x28 ./Generated_Code/Cpu.o
 .debug_aranges
                0x000006c0       0x30 ./Generated_Code/ExtIntLdd1.o
 .debug_aranges
                0x000006f0       0x88 ./Generated_Code/FAT1.o
 .debug_aranges
                0x00000778       0x30 ./Generated_Code/FRTOS1.o
 .debug_aranges
                0x000007a8      0x128 ./Generated_Code/FX1.o
 .debug_aranges
                0x000008d0       0xc0 ./Generated_Code/GI2C1.o
 .debug_aranges
                0x00000990       0x88 ./Generated_Code/GPS.o
 .debug_aranges
                0x00000a18       0x30 ./Generated_Code/LEDG.o
 .debug_aranges
                0x00000a48       0x30 ./Generated_Code/LEDR.o
 .debug_aranges
                0x00000a78       0x30 ./Generated_Code/PE_LDD.o
 .debug_aranges
                0x00000aa8       0x20 ./Generated_Code/PPS.o
 .debug_aranges
                0x00000ac8       0xd8 ./Generated_Code/SD1.o
 .debug_aranges
                0x00000ba0       0x48 ./Generated_Code/SM1.o
 .debug_aranges
                0x00000be8       0x48 ./Generated_Code/SS1.o
 .debug_aranges
                0x00000c30       0x20 ./Generated_Code/TI1.o
 .debug_aranges
                0x00000c50       0x50 ./Generated_Code/TMOUT1.o
 .debug_aranges
                0x00000ca0       0x28 ./Generated_Code/TU1.o
 .debug_aranges
                0x00000cc8       0x28 ./Generated_Code/TimerIntLdd1.o
 .debug_aranges
                0x00000cf0       0xf8 ./Generated_Code/TmDt1.o
 .debug_aranges
                0x00000de8       0x50 ./Generated_Code/WAIT1.o
 .debug_aranges
                0x00000e38      0x208 ./Generated_Code/ff.o
 .debug_aranges
                0x00001040       0x50 ./Generated_Code/heap_4.o
 .debug_aranges
                0x00001090       0x40 ./Generated_Code/list.o
 .debug_aranges
                0x000010d0       0xa0 ./Generated_Code/port.o
 .debug_aranges
                0x00001170      0x108 ./Generated_Code/queue.o
 .debug_aranges
                0x00001278      0x1c0 ./Generated_Code/tasks.o

.debug_ranges   0x00000000     0x11d8
 .debug_ranges  0x00000000       0x30 ./Static_Code/System/CPU_Init.o
 .debug_ranges  0x00000030      0x330 ./Static_Code/System/Vectors.o
 .debug_ranges  0x00000360       0x70 ./Sources/Events.o
 .debug_ranges  0x000003d0       0x40 ./Sources/main.o
 .debug_ranges  0x00000410       0x40 ./Project_Settings/Startup_Code/startup.o
 .debug_ranges  0x00000450       0x40 ./Generated_Code/AS1.o
 .debug_ranges  0x00000490       0x50 ./Generated_Code/ASerialLdd1.o
 .debug_ranges  0x000004e0       0x40 ./Generated_Code/ASerialLdd2.o
 .debug_ranges  0x00000520       0x30 ./Generated_Code/BitIoLdd1.o
 .debug_ranges  0x00000550       0x30 ./Generated_Code/BitIoLdd2.o
 .debug_ranges  0x00000580       0x20 ./Generated_Code/CD1.o
 .debug_ranges  0x000005a0       0x38 ./Generated_Code/CI2C1.o
 .debug_ranges  0x000005d8       0x18 ./Generated_Code/Cpu.o
 .debug_ranges  0x000005f0       0x20 ./Generated_Code/ExtIntLdd1.o
 .debug_ranges  0x00000610       0x78 ./Generated_Code/FAT1.o
 .debug_ranges  0x00000688       0x20 ./Generated_Code/FRTOS1.o
 .debug_ranges  0x000006a8      0x118 ./Generated_Code/FX1.o
 .debug_ranges  0x000007c0       0xb0 ./Generated_Code/GI2C1.o
 .debug_ranges  0x00000870       0x78 ./Generated_Code/GPS.o
 .debug_ranges  0x000008e8       0x20 ./Generated_Code/LEDG.o
 .debug_ranges  0x00000908       0x20 ./Generated_Code/LEDR.o
 .debug_ranges  0x00000928       0x20 ./Generated_Code/PE_LDD.o
 .debug_ranges  0x00000948       0x10 ./Generated_Code/PPS.o
 .debug_ranges  0x00000958       0xc8 ./Generated_Code/SD1.o
 .debug_ranges  0x00000a20       0x38 ./Generated_Code/SM1.o
 .debug_ranges  0x00000a58       0x38 ./Generated_Code/SS1.o
 .debug_ranges  0x00000a90       0x10 ./Generated_Code/TI1.o
 .debug_ranges  0x00000aa0       0x40 ./Generated_Code/TMOUT1.o
 .debug_ranges  0x00000ae0       0x18 ./Generated_Code/TU1.o
 .debug_ranges  0x00000af8       0x18 ./Generated_Code/TimerIntLdd1.o
 .debug_ranges  0x00000b10       0xe8 ./Generated_Code/TmDt1.o
 .debug_ranges  0x00000bf8       0x40 ./Generated_Code/WAIT1.o
 .debug_ranges  0x00000c38      0x1f8 ./Generated_Code/ff.o
 .debug_ranges  0x00000e30       0x40 ./Generated_Code/heap_4.o
 .debug_ranges  0x00000e70       0x30 ./Generated_Code/list.o
 .debug_ranges  0x00000ea0       0x90 ./Generated_Code/port.o
 .debug_ranges  0x00000f30       0xf8 ./Generated_Code/queue.o
 .debug_ranges  0x00001028      0x1b0 ./Generated_Code/tasks.o

.debug_macro    0x00000000    0x3932a
 .debug_macro   0x00000000      0x550 ./Static_Code/System/CPU_Init.o
 .debug_macro   0x00000550      0x850 ./Static_Code/System/CPU_Init.o
 .debug_macro   0x00000da0       0x16 ./Static_Code/System/CPU_Init.o
 .debug_macro   0x00000db6       0x44 ./Static_Code/System/CPU_Init.o
 .debug_macro   0x00000dfa      0x209 ./Static_Code/System/CPU_Init.o
 .debug_macro   0x00001003     0x17bb ./Static_Code/System/CPU_Init.o
 .debug_macro   0x000027be    0x110ae ./Static_Code/System/CPU_Init.o
 .debug_macro   0x0001386c      0x4b1 ./Static_Code/System/CPU_Init.o
 .debug_macro   0x00013d1d      0x14e ./Static_Code/System/CPU_Init.o
 .debug_macro   0x00013e6b       0x6a ./Static_Code/System/CPU_Init.o
 .debug_macro   0x00013ed5       0x58 ./Static_Code/System/CPU_Init.o
 .debug_macro   0x00013f2d       0x35 ./Static_Code/System/CPU_Init.o
 .debug_macro   0x00013f62       0xa3 ./Static_Code/System/CPU_Init.o
 .debug_macro   0x00014005       0x16 ./Static_Code/System/CPU_Init.o
 .debug_macro   0x0001401b       0x52 ./Static_Code/System/CPU_Init.o
 .debug_macro   0x0001406d       0x94 ./Static_Code/System/CPU_Init.o
 .debug_macro   0x00014101      0x642 ./Static_Code/System/CPU_Init.o
 .debug_macro   0x00014743       0x51 ./Static_Code/System/CPU_Init.o
 .debug_macro   0x00014794      0x132 ./Static_Code/System/CPU_Init.o
 .debug_macro   0x000148c6       0x46 ./Static_Code/System/CPU_Init.o
 .debug_macro   0x0001490c       0x3a ./Static_Code/System/CPU_Init.o
 .debug_macro   0x00014946       0x6a ./Static_Code/System/CPU_Init.o
 .debug_macro   0x000149b0       0x16 ./Static_Code/System/CPU_Init.o
 .debug_macro   0x000149c6       0x37 ./Static_Code/System/CPU_Init.o
 .debug_macro   0x000149fd       0x1c ./Static_Code/System/CPU_Init.o
 .debug_macro   0x00014a19       0x29 ./Static_Code/System/CPU_Init.o
 .debug_macro   0x00014a42       0x1c ./Static_Code/System/CPU_Init.o
 .debug_macro   0x00014a5e       0xe9 ./Static_Code/System/CPU_Init.o
 .debug_macro   0x00014b47       0xe8 ./Static_Code/System/CPU_Init.o
 .debug_macro   0x00014c2f       0xf2 ./Static_Code/System/CPU_Init.o
 .debug_macro   0x00014d21      0x166 ./Static_Code/System/CPU_Init.o
 .debug_macro   0x00014e87       0x52 ./Static_Code/System/CPU_Init.o
 .debug_macro   0x00014ed9       0x16 ./Static_Code/System/CPU_Init.o
 .debug_macro   0x00014eef       0x43 ./Static_Code/System/CPU_Init.o
 .debug_macro   0x00014f32      0x180 ./Static_Code/System/CPU_Init.o
 .debug_macro   0x000150b2      0x2a6 ./Static_Code/System/CPU_Init.o
 .debug_macro   0x00015358       0x10 ./Static_Code/System/CPU_Init.o
 .debug_macro   0x00015368       0x35 ./Static_Code/System/CPU_Init.o
 .debug_macro   0x0001539d       0x19 ./Static_Code/System/CPU_Init.o
 .debug_macro   0x000153b6       0xdf ./Static_Code/System/CPU_Init.o
 .debug_macro   0x00015495       0xe6 ./Static_Code/System/CPU_Init.o
 .debug_macro   0x0001557b      0x123 ./Static_Code/System/CPU_Init.o
 .debug_macro   0x0001569e      0x6a6 ./Static_Code/System/CPU_Init.o
 .debug_macro   0x00015d44       0x4a ./Static_Code/System/CPU_Init.o
 .debug_macro   0x00015d8e       0x1c ./Static_Code/System/CPU_Init.o
 .debug_macro   0x00015daa       0x43 ./Static_Code/System/CPU_Init.o
 .debug_macro   0x00015ded       0x10 ./Static_Code/System/CPU_Init.o
 .debug_macro   0x00015dfd       0xbb ./Static_Code/System/CPU_Init.o
 .debug_macro   0x00015eb8      0x4ea ./Static_Code/System/CPU_Init.o
 .debug_macro   0x000163a2       0x2e ./Static_Code/System/CPU_Init.o
 .debug_macro   0x000163d0       0x65 ./Static_Code/System/CPU_Init.o
 .debug_macro   0x00016435       0x20 ./Static_Code/System/CPU_Init.o
 .debug_macro   0x00016455       0x64 ./Static_Code/System/CPU_Init.o
 .debug_macro   0x000164b9       0x11 ./Static_Code/System/CPU_Init.o
 .debug_macro   0x000164ca       0x46 ./Static_Code/System/CPU_Init.o
 .debug_macro   0x00016510       0x1f ./Static_Code/System/CPU_Init.o
 .debug_macro   0x0001652f       0x41 ./Static_Code/System/CPU_Init.o
 .debug_macro   0x00016570       0x46 ./Static_Code/System/CPU_Init.o
 .debug_macro   0x000165b6       0x1f ./Static_Code/System/CPU_Init.o
 .debug_macro   0x000165d5       0x41 ./Static_Code/System/CPU_Init.o
 .debug_macro   0x00016616       0x19 ./Static_Code/System/CPU_Init.o
 .debug_macro   0x0001662f       0x22 ./Static_Code/System/CPU_Init.o
 .debug_macro   0x00016651       0xe2 ./Static_Code/System/CPU_Init.o
 .debug_macro   0x00016733      0x260 ./Static_Code/System/CPU_Init.o
 .debug_macro   0x00016993      0x168 ./Static_Code/System/CPU_Init.o
 .debug_macro   0x00016afb      0x105 ./Static_Code/System/CPU_Init.o
 .debug_macro   0x00016c00       0x10 ./Static_Code/System/CPU_Init.o
 .debug_macro   0x00016c10       0x1f ./Static_Code/System/CPU_Init.o
 .debug_macro   0x00016c2f      0x36f ./Static_Code/System/CPU_Init.o
 .debug_macro   0x00016f9e       0xc0 ./Static_Code/System/CPU_Init.o
 .debug_macro   0x0001705e       0x8c ./Static_Code/System/CPU_Init.o
 .debug_macro   0x000170ea       0x94 ./Static_Code/System/CPU_Init.o
 .debug_macro   0x0001717e       0x7f ./Static_Code/System/CPU_Init.o
 .debug_macro   0x000171fd       0x97 ./Static_Code/System/CPU_Init.o
 .debug_macro   0x00017294       0x19 ./Static_Code/System/CPU_Init.o
 .debug_macro   0x000172ad      0x314 ./Static_Code/System/CPU_Init.o
 .debug_macro   0x000175c1      0x2b1 ./Static_Code/System/CPU_Init.o
 .debug_macro   0x00017872      0x53e ./Static_Code/System/Vectors.o
 .debug_macro   0x00017db0      0x64f ./Sources/Events.o
 .debug_macro   0x000183ff      0x61c ./Sources/Events.o
 .debug_macro   0x00018a1b      0x625 ./Sources/Events.o
 .debug_macro   0x00019040      0x328 ./Sources/Events.o
 .debug_macro   0x00019368      0x1e9 ./Sources/Events.o
 .debug_macro   0x00019551      0x109 ./Sources/Events.o
 .debug_macro   0x0001965a      0x17f ./Sources/Events.o
 .debug_macro   0x000197d9      0x202 ./Sources/Events.o
 .debug_macro   0x000199db      0x91e ./Sources/Events.o
 .debug_macro   0x0001a2f9      0x585 ./Sources/Events.o
 .debug_macro   0x0001a87e       0x9e ./Sources/Events.o
 .debug_macro   0x0001a91c      0x1f9 ./Sources/Events.o
 .debug_macro   0x0001ab15      0x50f ./Sources/Events.o
 .debug_macro   0x0001b024      0x29c ./Sources/Events.o
 .debug_macro   0x0001b2c0      0x264 ./Sources/Events.o
 .debug_macro   0x0001b524      0x25b ./Sources/Events.o
 .debug_macro   0x0001b77f      0x4f1 ./Sources/Events.o
 .debug_macro   0x0001bc70      0x13f ./Sources/Events.o
 .debug_macro   0x0001bdaf       0x6c ./Sources/Events.o
 .debug_macro   0x0001be1b      0x30d ./Sources/Events.o
 .debug_macro   0x0001c128       0xbb ./Sources/Events.o
 .debug_macro   0x0001c1e3       0xe9 ./Sources/Events.o
 .debug_macro   0x0001c2cc      0x18f ./Sources/Events.o
 .debug_macro   0x0001c45b       0xea ./Sources/Events.o
 .debug_macro   0x0001c545      0x344 ./Sources/Events.o
 .debug_macro   0x0001c889      0x824 ./Sources/Events.o
 .debug_macro   0x0001d0ad      0x179 ./Sources/Events.o
 .debug_macro   0x0001d226      0x644 ./Sources/Events.o
 .debug_macro   0x0001d86a      0xa28 ./Sources/Events.o
 .debug_macro   0x0001e292      0x124 ./Sources/Events.o
 .debug_macro   0x0001e3b6       0x81 ./Sources/Events.o
 .debug_macro   0x0001e437      0x7bf ./Sources/Events.o
 .debug_macro   0x0001ebf6      0x10f ./Sources/Events.o
 .debug_macro   0x0001ed05      0x66f ./Sources/Events.o
 .debug_macro   0x0001f374       0x7b ./Sources/Events.o
 .debug_macro   0x0001f3ef      0x182 ./Sources/Events.o
 .debug_macro   0x0001f571      0x6ab ./Sources/main.o
 .debug_macro   0x0001fc1c       0x16 ./Sources/main.o
 .debug_macro   0x0001fc32       0x97 ./Sources/main.o
 .debug_macro   0x0001fcc9       0x10 ./Sources/main.o
 .debug_macro   0x0001fcd9       0xef ./Sources/main.o
 .debug_macro   0x0001fdc8       0x4a ./Sources/main.o
 .debug_macro   0x0001fe12       0x10 ./Sources/main.o
 .debug_macro   0x0001fe22       0x22 ./Sources/main.o
 .debug_macro   0x0001fe44       0xbd ./Sources/main.o
 .debug_macro   0x0001ff01       0x16 ./Sources/main.o
 .debug_macro   0x0001ff17      0x14a ./Sources/main.o
 .debug_macro   0x00020061      0x20f ./Sources/main.o
 .debug_macro   0x00020270     0x17b5 ./Sources/main.o
 .debug_macro   0x00021a25       0xdf ./Sources/main.o
 .debug_macro   0x00021b04      0x121 ./Project_Settings/Startup_Code/startup.o
 .debug_macro   0x00021c25       0x16 ./Project_Settings/Startup_Code/startup.o
 .debug_macro   0x00021c3b       0x22 ./Project_Settings/Startup_Code/startup.o
 .debug_macro   0x00021c5d       0x10 ./Project_Settings/Startup_Code/startup.o
 .debug_macro   0x00021c6d    0x110a2 ./Project_Settings/Startup_Code/startup.o
 .debug_macro   0x00032d0f      0x12d ./Generated_Code/AS1.o
 .debug_macro   0x00032e3c       0x5e ./Generated_Code/AS1.o
 .debug_macro   0x00032e9a      0x184 ./Generated_Code/ASerialLdd1.o
 .debug_macro   0x0003301e       0x17 ./Generated_Code/ASerialLdd1.o
 .debug_macro   0x00033035      0x7b9 ./Generated_Code/ASerialLdd1.o
 .debug_macro   0x000337ee      0x185 ./Generated_Code/ASerialLdd2.o
 .debug_macro   0x00033973       0x26 ./Generated_Code/ASerialLdd2.o
 .debug_macro   0x00033999      0x172 ./Generated_Code/BitIoLdd1.o
 .debug_macro   0x00033b0b      0x12c ./Generated_Code/BitIoLdd1.o
 .debug_macro   0x00033c37       0x40 ./Generated_Code/BitIoLdd1.o
 .debug_macro   0x00033c77      0x172 ./Generated_Code/BitIoLdd2.o
 .debug_macro   0x00033de9       0x40 ./Generated_Code/BitIoLdd2.o
 .debug_macro   0x00033e29      0x172 ./Generated_Code/CD1.o
 .debug_macro   0x00033f9b       0x34 ./Generated_Code/CD1.o
 .debug_macro   0x00033fcf      0x1dc ./Generated_Code/CI2C1.o
 .debug_macro   0x000341ab      0x4e4 ./Generated_Code/CI2C1.o
 .debug_macro   0x0003468f      0x528 ./Generated_Code/Cpu.o
 .debug_macro   0x00034bb7      0x18b ./Generated_Code/ExtIntLdd1.o
 .debug_macro   0x00034d42      0x273 ./Generated_Code/FAT1.o
 .debug_macro   0x00034fb5       0xe0 ./Generated_Code/FAT1.o
 .debug_macro   0x00035095       0xee ./Generated_Code/FAT1.o
 .debug_macro   0x00035183      0x1b9 ./Generated_Code/FRTOS1.o
 .debug_macro   0x0003533c       0x1c ./Generated_Code/FRTOS1.o
 .debug_macro   0x00035358      0x151 ./Generated_Code/FX1.o
 .debug_macro   0x000354a9      0x121 ./Generated_Code/GI2C1.o
 .debug_macro   0x000355ca      0x57e ./Generated_Code/GPS.o
 .debug_macro   0x00035b48       0x5f ./Generated_Code/GPS.o
 .debug_macro   0x00035ba7      0x135 ./Generated_Code/LEDG.o
 .debug_macro   0x00035cdc      0x135 ./Generated_Code/LEDR.o
 .debug_macro   0x00035e11      0x491 ./Generated_Code/PE_LDD.o
 .debug_macro   0x000362a2      0x4f7 ./Generated_Code/PPS.o
 .debug_macro   0x00036799      0x20c ./Generated_Code/SD1.o
 .debug_macro   0x000369a5      0x511 ./Generated_Code/SM1.o
 .debug_macro   0x00036eb6      0x172 ./Generated_Code/SS1.o
 .debug_macro   0x00037028      0x4f7 ./Generated_Code/TI1.o
 .debug_macro   0x0003751f      0x11d ./Generated_Code/TMOUT1.o
 .debug_macro   0x0003763c      0x187 ./Generated_Code/TU1.o
 .debug_macro   0x000377c3      0x6a0 ./Generated_Code/TU1.o
 .debug_macro   0x00037e63      0x191 ./Generated_Code/TimerIntLdd1.o
 .debug_macro   0x00037ff4      0x1e0 ./Generated_Code/TmDt1.o
 .debug_macro   0x000381d4       0xfe ./Generated_Code/WAIT1.o
 .debug_macro   0x000382d2      0x3cf ./Generated_Code/ff.o
 .debug_macro   0x000386a1       0xf4 ./Generated_Code/ff.o
 .debug_macro   0x00038795       0x58 ./Generated_Code/ff.o
 .debug_macro   0x000387ed      0x1e8 ./Generated_Code/heap_4.o
 .debug_macro   0x000389d5      0x1b5 ./Generated_Code/list.o
 .debug_macro   0x00038b8a      0x2b0 ./Generated_Code/port.o
 .debug_macro   0x00038e3a      0x240 ./Generated_Code/queue.o
 .debug_macro   0x0003907a      0x2a0 ./Generated_Code/tasks.o
 .debug_macro   0x0003931a       0x10 ./Generated_Code/tasks.o

.debug_line     0x00000000     0xfc4e
 .debug_line    0x00000000      0x8d2 ./Static_Code/System/CPU_Init.o
 .debug_line    0x000008d2      0xe7c ./Static_Code/System/Vectors.o
 .debug_line    0x0000174e      0x9e6 ./Sources/Events.o
 .debug_line    0x00002134      0xa2a ./Sources/main.o
 .debug_line    0x00002b5e      0x3c1 ./Project_Settings/Startup_Code/startup.o
 .debug_line    0x00002f1f      0x35b ./Generated_Code/AS1.o
 .debug_line    0x0000327a      0x4e5 ./Generated_Code/ASerialLdd1.o
 .debug_line    0x0000375f      0x4fb ./Generated_Code/ASerialLdd2.o
 .debug_line    0x00003c5a      0x42e ./Generated_Code/BitIoLdd1.o
 .debug_line    0x00004088      0x42e ./Generated_Code/BitIoLdd2.o
 .debug_line    0x000044b6      0x3fe ./Generated_Code/CD1.o
 .debug_line    0x000048b4      0x560 ./Generated_Code/CI2C1.o
 .debug_line    0x00004e14      0x806 ./Generated_Code/Cpu.o
 .debug_line    0x0000561a      0x429 ./Generated_Code/ExtIntLdd1.o
 .debug_line    0x00005a43      0x608 ./Generated_Code/FAT1.o
 .debug_line    0x0000604b      0x400 ./Generated_Code/FRTOS1.o
 .debug_line    0x0000644b      0x632 ./Generated_Code/FX1.o
 .debug_line    0x00006a7d      0x526 ./Generated_Code/GI2C1.o
 .debug_line    0x00006fa3      0x9bd ./Generated_Code/GPS.o
 .debug_line    0x00007960      0x38d ./Generated_Code/LEDG.o
 .debug_line    0x00007ced      0x38d ./Generated_Code/LEDR.o
 .debug_line    0x0000807a      0x758 ./Generated_Code/PE_LDD.o
 .debug_line    0x000087d2      0x750 ./Generated_Code/PPS.o
 .debug_line    0x00008f22      0x782 ./Generated_Code/SD1.o
 .debug_line    0x000096a4      0x839 ./Generated_Code/SM1.o
 .debug_line    0x00009edd      0x437 ./Generated_Code/SS1.o
 .debug_line    0x0000a314      0x750 ./Generated_Code/TI1.o
 .debug_line    0x0000aa64      0x3cf ./Generated_Code/TMOUT1.o
 .debug_line    0x0000ae33      0x41f ./Generated_Code/TU1.o
 .debug_line    0x0000b252      0x411 ./Generated_Code/TimerIntLdd1.o
 .debug_line    0x0000b663      0x6f6 ./Generated_Code/TmDt1.o
 .debug_line    0x0000bd59      0x38b ./Generated_Code/WAIT1.o
 .debug_line    0x0000c0e4     0x1538 ./Generated_Code/ff.o
 .debug_line    0x0000d61c      0x4e3 ./Generated_Code/heap_4.o
 .debug_line    0x0000daff      0x439 ./Generated_Code/list.o
 .debug_line    0x0000df38      0x534 ./Generated_Code/port.o
 .debug_line    0x0000e46c      0xa02 ./Generated_Code/queue.o
 .debug_line    0x0000ee6e      0xde0 ./Generated_Code/tasks.o

.debug_str      0x00000000    0xfc6ce
 .debug_str     0x00000000    0x8b71f ./Static_Code/System/CPU_Init.o
                              0x8b949 (size before relaxing)
 .debug_str     0x0008b71f      0x98a ./Static_Code/System/Vectors.o
                              0x8bd99 (size before relaxing)
 .debug_str     0x0008c0a9    0x69a88 ./Sources/Events.o
                              0xf3eca (size before relaxing)
 .debug_str     0x000f5b31      0xc8c ./Sources/main.o
                              0xf4abc (size before relaxing)
 .debug_str     0x000f67bd      0x17c ./Project_Settings/Startup_Code/startup.o
                              0x6369b (size before relaxing)
 .debug_str     0x000f6939      0x1a6 ./Generated_Code/AS1.o
                              0x6a171 (size before relaxing)
 .debug_str     0x000f6adf      0x289 ./Generated_Code/ASerialLdd1.o
                              0x7d162 (size before relaxing)
 .debug_str     0x000f6d68      0x1d0 ./Generated_Code/ASerialLdd2.o
                              0x7d262 (size before relaxing)
 .debug_str     0x000f6f38       0xe7 ./Generated_Code/BitIoLdd1.o
                              0x6ec76 (size before relaxing)
 .debug_str     0x000f701f       0xa0 ./Generated_Code/BitIoLdd2.o
                              0x6ec76 (size before relaxing)
 .debug_str     0x000f70bf       0x5a ./Generated_Code/CD1.o
                              0x6ebae (size before relaxing)
 .debug_str     0x000f7119      0x29b ./Generated_Code/CI2C1.o
                              0x750ba (size before relaxing)
 .debug_str     0x000f73b4       0x28 ./Generated_Code/Cpu.o
                              0x8a3e6 (size before relaxing)
 .debug_str     0x000f73dc       0x95 ./Generated_Code/ExtIntLdd1.o
                              0x7218c (size before relaxing)
 .debug_str     0x000f7471      0x10c ./Generated_Code/FAT1.o
                              0x74b9f (size before relaxing)
 .debug_str     0x000f757d       0xf4 ./Generated_Code/FRTOS1.o
                              0x72a5a (size before relaxing)
 .debug_str     0x000f7671      0x2b5 ./Generated_Code/FX1.o
                              0x6ad22 (size before relaxing)
 .debug_str     0x000f7926      0x2cc ./Generated_Code/GI2C1.o
                              0x6ab01 (size before relaxing)
 .debug_str     0x000f7bf2      0x1ed ./Generated_Code/GPS.o
                              0x8a72f (size before relaxing)
 .debug_str     0x000f7ddf       0x45 ./Generated_Code/LEDG.o
                              0x6b3c5 (size before relaxing)
 .debug_str     0x000f7e24       0x3f ./Generated_Code/LEDR.o
                              0x6b3c5 (size before relaxing)
 .debug_str     0x000f7e63      0x15f ./Generated_Code/PE_LDD.o
                              0x8a55c (size before relaxing)
 .debug_str     0x000f7fc2       0x2f ./Generated_Code/PPS.o
                              0x8a3ec (size before relaxing)
 .debug_str     0x000f7ff1      0x46d ./Generated_Code/SD1.o
                              0x71d95 (size before relaxing)
 .debug_str     0x000f845e      0x22d ./Generated_Code/SM1.o
                              0x8a875 (size before relaxing)
 .debug_str     0x000f868b       0x7b ./Generated_Code/SS1.o
                              0x6ec1e (size before relaxing)
 .debug_str     0x000f8706       0x31 ./Generated_Code/TI1.o
                              0x8a3ee (size before relaxing)
 .debug_str     0x000f8737       0xed ./Generated_Code/TMOUT1.o
                              0x6a64d (size before relaxing)
 .debug_str     0x000f8824      0x16d ./Generated_Code/TU1.o
                              0x77261 (size before relaxing)
 .debug_str     0x000f8991       0xbe ./Generated_Code/TimerIntLdd1.o
                              0x7705e (size before relaxing)
 .debug_str     0x000f8a4f      0x34f ./Generated_Code/TmDt1.o
                              0x6cf3d (size before relaxing)
 .debug_str     0x000f8d9e       0x9c ./Generated_Code/WAIT1.o
                              0x6a6c3 (size before relaxing)
 .debug_str     0x000f8e3a      0xf44 ./Generated_Code/ff.o
                               0x3e08 (size before relaxing)
 .debug_str     0x000f9d7e      0x277 ./Generated_Code/heap_4.o
                              0x6fa37 (size before relaxing)
 .debug_str     0x000f9ff5      0x130 ./Generated_Code/list.o
                              0x6f32b (size before relaxing)
 .debug_str     0x000fa125      0xb9b ./Generated_Code/port.o
                              0x6f4f5 (size before relaxing)
 .debug_str     0x000facc0      0x71b ./Generated_Code/queue.o
                              0x7175a (size before relaxing)
 .debug_str     0x000fb3db     0x12f3 ./Generated_Code/tasks.o
                              0x723c7 (size before relaxing)

.comment        0x00000000       0x70
 .comment       0x00000000       0x70 ./Static_Code/System/CPU_Init.o
                                 0x71 (size before relaxing)
 .comment       0x00000000       0x71 ./Static_Code/System/Vectors.o
 .comment       0x00000000       0x71 ./Sources/Events.o
 .comment       0x00000000       0x71 ./Sources/main.o
 .comment       0x00000000       0x71 ./Project_Settings/Startup_Code/startup.o
 .comment       0x00000000       0x71 ./Generated_Code/AS1.o
 .comment       0x00000000       0x71 ./Generated_Code/ASerialLdd1.o
 .comment       0x00000000       0x71 ./Generated_Code/ASerialLdd2.o
 .comment       0x00000000       0x71 ./Generated_Code/BitIoLdd1.o
 .comment       0x00000000       0x71 ./Generated_Code/BitIoLdd2.o
 .comment       0x00000000       0x71 ./Generated_Code/CD1.o
 .comment       0x00000000       0x71 ./Generated_Code/CI2C1.o
 .comment       0x00000000       0x71 ./Generated_Code/Cpu.o
 .comment       0x00000000       0x71 ./Generated_Code/ExtIntLdd1.o
 .comment       0x00000000       0x71 ./Generated_Code/FAT1.o
 .comment       0x00000000       0x71 ./Generated_Code/FRTOS1.o
 .comment       0x00000000       0x71 ./Generated_Code/FX1.o
 .comment       0x00000000       0x71 ./Generated_Code/GI2C1.o
 .comment       0x00000000       0x71 ./Generated_Code/GPS.o
 .comment       0x00000000       0x71 ./Generated_Code/LEDG.o
 .comment       0x00000000       0x71 ./Generated_Code/LEDR.o
 .comment       0x00000000       0x71 ./Generated_Code/PE_LDD.o
 .comment       0x00000000       0x71 ./Generated_Code/PPS.o
 .comment       0x00000000       0x71 ./Generated_Code/SD1.o
 .comment       0x00000000       0x71 ./Generated_Code/SM1.o
 .comment       0x00000000       0x71 ./Generated_Code/SS1.o
 .comment       0x00000000       0x71 ./Generated_Code/TI1.o
 .comment       0x00000000       0x71 ./Generated_Code/TMOUT1.o
 .comment       0x00000000       0x71 ./Generated_Code/TU1.o
 .comment       0x00000000       0x71 ./Generated_Code/TimerIntLdd1.o
 .comment       0x00000000       0x71 ./Generated_Code/TmDt1.o
 .comment       0x00000000       0x71 ./Generated_Code/WAIT1.o
 .comment       0x00000000       0x71 ./Generated_Code/ff.o
 .comment       0x00000000       0x71 ./Generated_Code/heap_4.o
 .comment       0x00000000       0x71 ./Generated_Code/list.o
 .comment       0x00000000       0x71 ./Generated_Code/port.o
 .comment       0x00000000       0x71 ./Generated_Code/queue.o
 .comment       0x00000000       0x71 ./Generated_Code/tasks.o

.debug_frame    0x00000000     0x41b0
 .debug_frame   0x00000000       0x9c ./Static_Code/System/CPU_Init.o
 .debug_frame   0x0000009c      0xcb0 ./Static_Code/System/Vectors.o
 .debug_frame   0x00000d4c      0x154 ./Sources/Events.o
 .debug_frame   0x00000ea0       0xe4 ./Sources/main.o
 .debug_frame   0x00000f84       0xc0 ./Project_Settings/Startup_Code/startup.o
 .debug_frame   0x00001044       0xdc ./Generated_Code/AS1.o
 .debug_frame   0x00001120      0x11c ./Generated_Code/ASerialLdd1.o
 .debug_frame   0x0000123c       0xec ./Generated_Code/ASerialLdd2.o
 .debug_frame   0x00001328       0x9c ./Generated_Code/BitIoLdd1.o
 .debug_frame   0x000013c4       0x9c ./Generated_Code/BitIoLdd2.o
 .debug_frame   0x00001460       0x64 ./Generated_Code/CD1.o
 .debug_frame   0x000014c4       0xc4 ./Generated_Code/CI2C1.o
 .debug_frame   0x00001588       0x50 ./Generated_Code/Cpu.o
 .debug_frame   0x000015d8       0x6c ./Generated_Code/ExtIntLdd1.o
 .debug_frame   0x00001644      0x1c4 ./Generated_Code/FAT1.o
 .debug_frame   0x00001808       0x5c ./Generated_Code/FRTOS1.o
 .debug_frame   0x00001864      0x408 ./Generated_Code/FX1.o
 .debug_frame   0x00001c6c      0x280 ./Generated_Code/GI2C1.o
 .debug_frame   0x00001eec      0x1ac ./Generated_Code/GPS.o
 .debug_frame   0x00002098       0x64 ./Generated_Code/LEDG.o
 .debug_frame   0x000020fc       0x64 ./Generated_Code/LEDR.o
 .debug_frame   0x00002160       0x64 ./Generated_Code/PE_LDD.o
 .debug_frame   0x000021c4       0x30 ./Generated_Code/PPS.o
 .debug_frame   0x000021f4      0x2d8 ./Generated_Code/SD1.o
 .debug_frame   0x000024cc       0xc0 ./Generated_Code/SM1.o
 .debug_frame   0x0000258c       0xb8 ./Generated_Code/SS1.o
 .debug_frame   0x00002644       0x30 ./Generated_Code/TI1.o
 .debug_frame   0x00002674       0xd4 ./Generated_Code/TMOUT1.o
 .debug_frame   0x00002748       0x50 ./Generated_Code/TU1.o
 .debug_frame   0x00002798       0x50 ./Generated_Code/TimerIntLdd1.o
 .debug_frame   0x000027e8      0x354 ./Generated_Code/TmDt1.o
 .debug_frame   0x00002b3c       0xc0 ./Generated_Code/WAIT1.o
 .debug_frame   0x00002bfc      0x7ac ./Generated_Code/ff.o
 .debug_frame   0x000033a8       0xd0 ./Generated_Code/heap_4.o
 .debug_frame   0x00003478       0x9c ./Generated_Code/list.o
 .debug_frame   0x00003514      0x1b4 ./Generated_Code/port.o
 .debug_frame   0x000036c8      0x3b4 ./Generated_Code/queue.o
 .debug_frame   0x00003a7c      0x658 ./Generated_Code/tasks.o
 .debug_frame   0x000040d4       0x28 c:/freescale/kds_v3/toolchain/bin/../lib/gcc/arm-none-eabi/4.8.4/../../../../arm-none-eabi/lib/armv7e-m/fpu\libg_s.a(lib_a-exit.o)