Archive member included because of file (symbol)

c:/freescale/kds_v3/toolchain/bin/../lib/gcc/arm-none-eabi/4.8.4/../../../../arm-none-eabi/lib/armv7e-m/fpu\libg_s.a(lib_a-exit.o)
                              c:/freescale/kds_v3/toolchain/bin/../lib/gcc/arm-none-eabi/4.8.4/../../../../arm-none-eabi/lib/armv7e-m/fpu/rdimon-crt0.o (exit)
c:/freescale/kds_v3/toolchain/bin/../lib/gcc/arm-none-eabi/4.8.4/../../../../arm-none-eabi/lib/armv7e-m/fpu\libg_s.a(lib_a-impure.o)
                              c:/freescale/kds_v3/toolchain/bin/../lib/gcc/arm-none-eabi/4.8.4/../../../../arm-none-eabi/lib/armv7e-m/fpu\libg_s.a(lib_a-exit.o) (_global_impure_ptr)
c:/freescale/kds_v3/toolchain/bin/../lib/gcc/arm-none-eabi/4.8.4/../../../../arm-none-eabi/lib/armv7e-m/fpu\libg_s.a(lib_a-init.o)
                              c:/freescale/kds_v3/toolchain/bin/../lib/gcc/arm-none-eabi/4.8.4/../../../../arm-none-eabi/lib/armv7e-m/fpu/rdimon-crt0.o (__libc_init_array)
c:/freescale/kds_v3/toolchain/bin/../lib/gcc/arm-none-eabi/4.8.4/../../../../arm-none-eabi/lib/armv7e-m/fpu\libg_s.a(lib_a-memset.o)
                              c:/freescale/kds_v3/toolchain/bin/../lib/gcc/arm-none-eabi/4.8.4/../../../../arm-none-eabi/lib/armv7e-m/fpu/rdimon-crt0.o (memset)
c:/freescale/kds_v3/toolchain/bin/../lib/gcc/arm-none-eabi/4.8.4/../../../../arm-none-eabi/lib/armv7e-m/fpu\libg_s.a(lib_a-puts.o)
                              ./Sources/main.o (puts)
c:/freescale/kds_v3/toolchain/bin/../lib/gcc/arm-none-eabi/4.8.4/../../../../arm-none-eabi/lib/armv7e-m/fpu\libg_s.a(lib_a-wbuf.o)
                              c:/freescale/kds_v3/toolchain/bin/../lib/gcc/arm-none-eabi/4.8.4/../../../../arm-none-eabi/lib/armv7e-m/fpu\libg_s.a(lib_a-puts.o) (__swbuf_r)
c:/freescale/kds_v3/toolchain/bin/../lib/gcc/arm-none-eabi/4.8.4/../../../../arm-none-eabi/lib/armv7e-m/fpu\libg_s.a(lib_a-wsetup.o)
                              c:/freescale/kds_v3/toolchain/bin/../lib/gcc/arm-none-eabi/4.8.4/../../../../arm-none-eabi/lib/armv7e-m/fpu\libg_s.a(lib_a-puts.o) (__swsetup_r)
c:/freescale/kds_v3/toolchain/bin/../lib/gcc/arm-none-eabi/4.8.4/../../../../arm-none-eabi/lib/armv7e-m/fpu\libg_s.a(lib_a-fflush.o)
                              c:/freescale/kds_v3/toolchain/bin/../lib/gcc/arm-none-eabi/4.8.4/../../../../arm-none-eabi/lib/armv7e-m/fpu\libg_s.a(lib_a-wbuf.o) (_fflush_r)
c:/freescale/kds_v3/toolchain/bin/../lib/gcc/arm-none-eabi/4.8.4/../../../../arm-none-eabi/lib/armv7e-m/fpu\libg_s.a(lib_a-findfp.o)
                              c:/freescale/kds_v3/toolchain/bin/../lib/gcc/arm-none-eabi/4.8.4/../../../../arm-none-eabi/lib/armv7e-m/fpu\libg_s.a(lib_a-puts.o) (__sinit)
c:/freescale/kds_v3/toolchain/bin/../lib/gcc/arm-none-eabi/4.8.4/../../../../arm-none-eabi/lib/armv7e-m/fpu\libg_s.a(lib_a-fwalk.o)
                              c:/freescale/kds_v3/toolchain/bin/../lib/gcc/arm-none-eabi/4.8.4/../../../../arm-none-eabi/lib/armv7e-m/fpu\libg_s.a(lib_a-findfp.o) (_fwalk)
c:/freescale/kds_v3/toolchain/bin/../lib/gcc/arm-none-eabi/4.8.4/../../../../arm-none-eabi/lib/armv7e-m/fpu\libg_s.a(lib_a-makebuf.o)
                              c:/freescale/kds_v3/toolchain/bin/../lib/gcc/arm-none-eabi/4.8.4/../../../../arm-none-eabi/lib/armv7e-m/fpu\libg_s.a(lib_a-wsetup.o) (__smakebuf_r)
c:/freescale/kds_v3/toolchain/bin/../lib/gcc/arm-none-eabi/4.8.4/../../../../arm-none-eabi/lib/armv7e-m/fpu\libg_s.a(lib_a-nano-freer.o)
                              c:/freescale/kds_v3/toolchain/bin/../lib/gcc/arm-none-eabi/4.8.4/../../../../arm-none-eabi/lib/armv7e-m/fpu\libg_s.a(lib_a-wsetup.o) (_free_r)
c:/freescale/kds_v3/toolchain/bin/../lib/gcc/arm-none-eabi/4.8.4/../../../../arm-none-eabi/lib/armv7e-m/fpu\libg_s.a(lib_a-nano-mallocr.o)
                              c:/freescale/kds_v3/toolchain/bin/../lib/gcc/arm-none-eabi/4.8.4/../../../../arm-none-eabi/lib/armv7e-m/fpu\libg_s.a(lib_a-findfp.o) (_malloc_r)
c:/freescale/kds_v3/toolchain/bin/../lib/gcc/arm-none-eabi/4.8.4/../../../../arm-none-eabi/lib/armv7e-m/fpu\libg_s.a(lib_a-sbrkr.o)
                              c:/freescale/kds_v3/toolchain/bin/../lib/gcc/arm-none-eabi/4.8.4/../../../../arm-none-eabi/lib/armv7e-m/fpu\libg_s.a(lib_a-nano-mallocr.o) (_sbrk_r)
c:/freescale/kds_v3/toolchain/bin/../lib/gcc/arm-none-eabi/4.8.4/../../../../arm-none-eabi/lib/armv7e-m/fpu\libg_s.a(lib_a-stdio.o)
                              c:/freescale/kds_v3/toolchain/bin/../lib/gcc/arm-none-eabi/4.8.4/../../../../arm-none-eabi/lib/armv7e-m/fpu\libg_s.a(lib_a-findfp.o) (__sread)
c:/freescale/kds_v3/toolchain/bin/../lib/gcc/arm-none-eabi/4.8.4/../../../../arm-none-eabi/lib/armv7e-m/fpu\libg_s.a(lib_a-writer.o)
                              c:/freescale/kds_v3/toolchain/bin/../lib/gcc/arm-none-eabi/4.8.4/../../../../arm-none-eabi/lib/armv7e-m/fpu\libg_s.a(lib_a-stdio.o) (_write_r)
c:/freescale/kds_v3/toolchain/bin/../lib/gcc/arm-none-eabi/4.8.4/../../../../arm-none-eabi/lib/armv7e-m/fpu\libg_s.a(lib_a-closer.o)
[...]
Memory Configuration

Name             Origin             Length             Attributes
m_interrupts     0x00000000         0x00000198         xr
m_text           0x00000410         0x000ffbf0         xr
m_data_1FFF0000  0x1fff0000         0x00010000         rw
m_data           0x20000000         0x00030000         rw
m_cfmprotrom     0x00000400         0x00000010         xr
*default*        0x00000000         0xffffffff

Linker script and memory map

LOAD c:/freescale/kds_v3/toolchain/bin/../lib/gcc/arm-none-eabi/4.8.4/armv7e-m/fpu/crti.o
LOAD c:/freescale/kds_v3/toolchain/bin/../lib/gcc/arm-none-eabi/4.8.4/armv7e-m/fpu/crtbegin.o
LOAD c:/freescale/kds_v3/toolchain/bin/../lib/gcc/arm-none-eabi/4.8.4/../../../../arm-none-eabi/lib/armv7e-m/fpu/rdimon-crt0.o
LOAD ./Static_Code/System/CPU_Init.o
LOAD ./Static_Code/System/Peripherals_Init.o
LOAD ./Static_Code/System/Vectors.o
LOAD ./Sources/Events.o
LOAD ./Sources/main.o
LOAD ./Project_Settings/Startup_Code/startup.o
LOAD ./Generated_Code/Cpu.o
LOAD ./Generated_Code/PE_LDD.o
LOAD ./Generated_Code/Pins1.o
LOAD c:/freescale/kds_v3/toolchain/bin/../lib/gcc/arm-none-eabi/4.8.4/../../../../arm-none-eabi/lib/armv7e-m/fpu\libstdc++_s.a
LOAD c:/freescale/kds_v3/toolchain/bin/../lib/gcc/arm-none-eabi/4.8.4/../../../../arm-none-eabi/lib/armv7e-m/fpu\libm.a
START GROUP
LOAD c:/freescale/kds_v3/toolchain/bin/../lib/gcc/arm-none-eabi/4.8.4/armv7e-m/fpu\libgcc.a
LOAD c:/freescale/kds_v3/toolchain/bin/../lib/gcc/arm-none-eabi/4.8.4/../../../../arm-none-eabi/lib/armv7e-m/fpu\libg_s.a
LOAD c:/freescale/kds_v3/toolchain/bin/../lib/gcc/arm-none-eabi/4.8.4/../../../../arm-none-eabi/lib/armv7e-m/fpu\libc_s.a
END GROUP
START GROUP
LOAD c:/freescale/kds_v3/toolchain/bin/../lib/gcc/arm-none-eabi/4.8.4/armv7e-m/fpu\libgcc.a
LOAD c:/freescale/kds_v3/toolchain/bin/../lib/gcc/arm-none-eabi/4.8.4/../../../../arm-none-eabi/lib/armv7e-m/fpu\libc_s.a
LOAD c:/freescale/kds_v3/toolchain/bin/../lib/gcc/arm-none-eabi/4.8.4/../../../../arm-none-eabi/lib/armv7e-m/fpu\librdimon_s.a
END GROUP
START GROUP
LOAD c:/freescale/kds_v3/toolchain/bin/../lib/gcc/arm-none-eabi/4.8.4/armv7e-m/fpu\libgcc.a
LOAD c:/freescale/kds_v3/toolchain/bin/../lib/gcc/arm-none-eabi/4.8.4/../../../../arm-none-eabi/lib/armv7e-m/fpu\libc_s.a
LOAD c:/freescale/kds_v3/toolchain/bin/../lib/gcc/arm-none-eabi/4.8.4/../../../../arm-none-eabi/lib/armv7e-m/fpu\librdimon_s.a
END GROUP
LOAD c:/freescale/kds_v3/toolchain/bin/../lib/gcc/arm-none-eabi/4.8.4/armv7e-m/fpu/crtend.o
LOAD c:/freescale/kds_v3/toolchain/bin/../lib/gcc/arm-none-eabi/4.8.4/armv7e-m/fpu/crtn.o
                0x20030000                _estack = 0x20030000
                0x20030000                __SP_INIT = _estack
                0x20030000                __stack = _estack
                0x00000c00                __heap_size = 0xc00
                0x00000400                __stack_size = 0x400

.interrupts     0x00000000      0x198
                0x00000000                __vector_table = .
                0x00000000                . = ALIGN (0x4)
 *(.vectortable)
 .vectortable   0x00000000      0x198 ./Static_Code/System/Vectors.o
                0x00000000                __vect_table
                0x00000198                . = ALIGN (0x4)

.cfmprotect     0x00000400       0x10
                0x00000400                . = ALIGN (0x4)
 *(.cfmconfig)
 .cfmconfig     0x00000400       0x10 ./Static_Code/System/CPU_Init.o
                0x00000400                _cfm
                0x00000410                . = ALIGN (0x4)

.text           0x00000410     0x1838
                0x00000410                . = ALIGN (0x4)
 *(.text)
 .text          0x00000410       0x54 c:/freescale/kds_v3/toolchain/bin/../lib/gcc/arm-none-eabi/4.8.4/armv7e-m/fpu/crtbegin.o
 .text          0x00000464       0xdc c:/freescale/kds_v3/toolchain/bin/../lib/gcc/arm-none-eabi/4.8.4/../../../../arm-none-eabi/lib/armv7e-m/fpu/rdimon-crt0.o
                0x00000464                _start
                0x00000464                _mainCRTStartup
 *(.text*)
 .text.CPU_SetBASEPRI
                0x00000540       0x18 ./Static_Code/System/CPU_Init.o
                0x00000540                CPU_SetBASEPRI
 .text.__init_hardware
                0x00000558       0x90 ./Static_Code/System/CPU_Init.o
                0x00000558                __init_hardware
 .text.PE_low_level_init
                0x000005e8       0x40 ./Static_Code/System/CPU_Init.o
                0x000005e8                PE_low_level_init
 .text.CPU_GetClockGenMode
                0x00000628       0x90 ./Static_Code/System/CPU_Init.o
                0x00000628                CPU_GetClockGenMode
 .text.CPU_SetClockConfigGenMode
                0x000006b8      0x54c ./Static_Code/System/CPU_Init.o
                0x000006b8                CPU_SetClockConfigGenMode
 .text.UnhandledInterrupt
                0x00000c04       0x18 ./Static_Code/System/Vectors.o
                0x00000c04                UnhandledInterrupt
 .text.Cpu_OnNMI
                0x00000c1c        0xc ./Sources/Events.o
                0x00000c1c                Cpu_OnNMI
 .text.main     0x00000c28       0x14 ./Sources/main.o
                0x00000c28                main
 .text.__copy_rom_section
                0x00000c3c       0xe4 ./Project_Settings/Startup_Code/startup.o
                0x00000c3c                __copy_rom_section
 .text.__copy_rom_sections_to_ram
                0x00000d20       0x9c ./Project_Settings/Startup_Code/startup.o
                0x00000d20                __copy_rom_sections_to_ram
 .text.__init_registers
                0x00000dbc       0x20 ./Project_Settings/Startup_Code/startup.o
                0x00000dbc                __init_registers
 .text.__init_user
                0x00000ddc        0xc ./Project_Settings/Startup_Code/startup.o
                0x00000ddc                __init_user
 .text.__thumb_startup
                0x00000de8       0x34 ./Project_Settings/Startup_Code/startup.o
                0x00000de8                __thumb_startup
 .text.Cpu_INT_NMIInterrupt
                0x00000e1c       0x1c ./Generated_Code/Cpu.o
                0x00000e1c                Cpu_INT_NMIInterrupt
 .text.exit     0x00000e38       0x28 c:/freescale/kds_v3/toolchain/bin/../lib/gcc/arm-none-eabi/4.8.4/../../../../arm-none-eabi/lib/armv7e-m/fpu\libg_s.a(lib_a-exit.o)
                0x00000e38                exit
 .text.__libc_init_array
                0x00000e60       0x4c c:/freescale/kds_v3/toolchain/bin/../lib/gcc/arm-none-eabi/4.8.4/../../../../arm-none-eabi/lib/armv7e-m/fpu\libg_s.a(lib_a-init.o)
                0x00000e60                __libc_init_array
 .text.memset   0x00000eac       0x10 c:/freescale/kds_v3/toolchain/bin/../lib/gcc/arm-none-eabi/4.8.4/../../../../arm-none-eabi/lib/armv7e-m/fpu\libg_s.a(lib_a-memset.o)
                0x00000eac                memset
 .text._puts_r  0x00000ebc       0xc0 c:/freescale/kds_v3/toolchain/bin/../lib/gcc/arm-none-eabi/4.8.4/../../../../arm-none-eabi/lib/armv7e-m/fpu\libg_s.a(lib_a-puts.o)
                0x00000ebc                _puts_r
 .text.puts     0x00000f7c       0x10 c:/freescale/kds_v3/toolchain/bin/../lib/gcc/arm-none-eabi/4.8.4/../../../../arm-none-eabi/lib/armv7e-m/fpu\libg_s.a(lib_a-puts.o)
                0x00000f7c                puts
 .text.__swbuf_r
                0x00000f8c       0xa8 c:/freescale/kds_v3/toolchain/bin/../lib/gcc/arm-none-eabi/4.8.4/../../../../arm-none-eabi/lib/armv7e-m/fpu\libg_s.a(lib_a-wbuf.o)
                0x00000f8c                __swbuf_r
 .text.__swsetup_r
                0x00001034       0xdc c:/freescale/kds_v3/toolchain/bin/../lib/gcc/arm-none-eabi/4.8.4/../../../../arm-none-eabi/lib/armv7e-m/fpu\libg_s.a(lib_a-wsetup.o)
                0x00001034                __swsetup_r
 .text.__sflush_r
                0x00001110      0x106 c:/freescale/kds_v3/toolchain/bin/../lib/gcc/arm-none-eabi/4.8.4/../../../../arm-none-eabi/lib/armv7e-m/fpu\libg_s.a(lib_a-fflush.o)
                0x00001110                __sflush_r
 *fill*         0x00001216        0x2 
 .text._fflush_r
                0x00001218       0x54 c:/freescale/kds_v3/toolchain/bin/../lib/gcc/arm-none-eabi/4.8.4/../../../../arm-none-eabi/lib/armv7e-m/fpu\libg_s.a(lib_a-fflush.o)
                0x00001218                _fflush_r
 .text._cleanup_r
                0x0000126c       0x32 c:/freescale/kds_v3/toolchain/bin/../lib/gcc/arm-none-eabi/4.8.4/../../../../arm-none-eabi/lib/armv7e-m/fpu\libg_s.a(lib_a-findfp.o)
                0x0000126c                _cleanup_r
 *fill*         0x0000129e        0x2 
 .text.std.isra.0
                0x000012a0       0x48 c:/freescale/kds_v3/toolchain/bin/../lib/gcc/arm-none-eabi/4.8.4/../../../../arm-none-eabi/lib/armv7e-m/fpu\libg_s.a(lib_a-findfp.o)
 .text.__sfmoreglue
                0x000012e8       0x2c c:/freescale/kds_v3/toolchain/bin/../lib/gcc/arm-none-eabi/4.8.4/../../../../arm-none-eabi/lib/armv7e-m/fpu\libg_s.a(lib_a-findfp.o)
                0x000012e8                __sfmoreglue
 .text.__sinit  0x00001314       0x60 c:/freescale/kds_v3/toolchain/bin/../lib/gcc/arm-none-eabi/4.8.4/../../../../arm-none-eabi/lib/armv7e-m/fpu\libg_s.a(lib_a-findfp.o)
                0x00001314                __sinit
 .text.__sfp    0x00001374       0x74 c:/freescale/kds_v3/toolchain/bin/../lib/gcc/arm-none-eabi/4.8.4/../../../../arm-none-eabi/lib/armv7e-m/fpu\libg_s.a(lib_a-findfp.o)
                0x00001374                __sfp
 .text.__smakebuf_r
                0x000013e8       0x9c c:/freescale/kds_v3/toolchain/bin/../lib/gcc/arm-none-eabi/4.8.4/../../../../arm-none-eabi/lib/armv7e-m/fpu\libg_s.a(lib_a-makebuf.o)
                0x000013e8                __smakebuf_r
 .text._free_r  0x00001484       0x88 c:/freescale/kds_v3/toolchain/bin/../lib/gcc/arm-none-eabi/4.8.4/../../../../arm-none-eabi/lib/armv7e-m/fpu\libg_s.a(lib_a-nano-freer.o)
                0x00001484                _free_r
 .text._malloc_r
                0x0000150c       0xa8 c:/freescale/kds_v3/toolchain/bin/../lib/gcc/arm-none-eabi/4.8.4/../../../../arm-none-eabi/lib/armv7e-m/fpu\libg_s.a(lib_a-nano-mallocr.o)
                0x0000150c                _malloc_r
 .text._sbrk_r  0x000015b4       0x20 c:/freescale/kds_v3/toolchain/bin/../lib/gcc/arm-none-eabi/4.8.4/../../../../arm-none-eabi/lib/armv7e-m/fpu\libg_s.a(lib_a-sbrkr.o)
                0x000015b4                _sbrk_r
 .text.__sread  0x000015d4       0x22 c:/freescale/kds_v3/toolchain/bin/../lib/gcc/arm-none-eabi/4.8.4/../../../../arm-none-eabi/lib/armv7e-m/fpu\libg_s.a(lib_a-stdio.o)
                0x000015d4                __sread
 .text.__swrite
                0x000015f6       0x38 c:/freescale/kds_v3/toolchain/bin/../lib/gcc/arm-none-eabi/4.8.4/../../../../arm-none-eabi/lib/armv7e-m/fpu\libg_s.a(lib_a-stdio.o)
                0x000015f6                __swrite
 .text.__sseek  0x0000162e       0x24 c:/freescale/kds_v3/toolchain/bin/../lib/gcc/arm-none-eabi/4.8.4/../../../../arm-none-eabi/lib/armv7e-m/fpu\libg_s.a(lib_a-stdio.o)
                0x0000162e                __sseek
 .text.__sclose
                0x00001652        0x8 c:/freescale/kds_v3/toolchain/bin/../lib/gcc/arm-none-eabi/4.8.4/../../../../arm-none-eabi/lib/armv7e-m/fpu\libg_s.a(lib_a-stdio.o)
                0x00001652                __sclose
 *fill*         0x0000165a        0x2 
 .text._write_r
                0x0000165c       0x24 c:/freescale/kds_v3/toolchain/bin/../lib/gcc/arm-none-eabi/4.8.4/../../../../arm-none-eabi/lib/armv7e-m/fpu\libg_s.a(lib_a-writer.o)
                0x0000165c                _write_r
 .text._close_r
                0x00001680       0x20 c:/freescale/kds_v3/toolchain/bin/../lib/gcc/arm-none-eabi/4.8.4/../../../../arm-none-eabi/lib/armv7e-m/fpu\libg_s.a(lib_a-closer.o)
                0x00001680                _close_r
 .text._fstat_r
                0x000016a0       0x24 c:/freescale/kds_v3/toolchain/bin/../lib/gcc/arm-none-eabi/4.8.4/../../../../arm-none-eabi/lib/armv7e-m/fpu\libg_s.a(lib_a-fstatr.o)
                0x000016a0                _fstat_r
 .text._isatty_r
                0x000016c4       0x20 c:/freescale/kds_v3/toolchain/bin/../lib/gcc/arm-none-eabi/4.8.4/../../../../arm-none-eabi/lib/armv7e-m/fpu\libg_s.a(lib_a-isattyr.o)
                0x000016c4                _isatty_r
 .text._lseek_r
                0x000016e4       0x24 c:/freescale/kds_v3/toolchain/bin/../lib/gcc/arm-none-eabi/4.8.4/../../../../arm-none-eabi/lib/armv7e-m/fpu\libg_s.a(lib_a-lseekr.o)
                0x000016e4                _lseek_r
 .text._read_r  0x00001708       0x24 c:/freescale/kds_v3/toolchain/bin/../lib/gcc/arm-none-eabi/4.8.4/../../../../arm-none-eabi/lib/armv7e-m/fpu\libg_s.a(lib_a-readr.o)
                0x00001708                _read_r
 .text.findslot
                0x0000172c       0x34 c:/freescale/kds_v3/toolchain/bin/../lib/gcc/arm-none-eabi/4.8.4/../../../../arm-none-eabi/lib/armv7e-m/fpu\librdimon_s.a(rdimon-syscalls.o)
 .text.error    0x00001760       0x1c c:/freescale/kds_v3/toolchain/bin/../lib/gcc/arm-none-eabi/4.8.4/../../../../arm-none-eabi/lib/armv7e-m/fpu\librdimon_s.a(rdimon-syscalls.o)
 .text.checkerror
                0x0000177c        0xa c:/freescale/kds_v3/toolchain/bin/../lib/gcc/arm-none-eabi/4.8.4/../../../../arm-none-eabi/lib/armv7e-m/fpu\librdimon_s.a(rdimon-syscalls.o)
 *fill*         0x00001786        0x2 
 .text.initialise_monitor_handles
                0x00001788       0x9c c:/freescale/kds_v3/toolchain/bin/../lib/gcc/arm-none-eabi/4.8.4/../../../../arm-none-eabi/lib/armv7e-m/fpu\librdimon_s.a(rdimon-syscalls.o)
                0x00001788                initialise_monitor_handles
 .text._swiread
                0x00001824       0x20 c:/freescale/kds_v3/toolchain/bin/../lib/gcc/arm-none-eabi/4.8.4/../../../../arm-none-eabi/lib/armv7e-m/fpu\librdimon_s.a(rdimon-syscalls.o)
                0x00001824                _swiread
 .text._read    0x00001844       0x34 c:/freescale/kds_v3/toolchain/bin/../lib/gcc/arm-none-eabi/4.8.4/../../../../arm-none-eabi/lib/armv7e-m/fpu\librdimon_s.a(rdimon-syscalls.o)
                0x00001844                _read
 .text._swilseek
                0x00001878       0x7e c:/freescale/kds_v3/toolchain/bin/../lib/gcc/arm-none-eabi/4.8.4/../../../../arm-none-eabi/lib/armv7e-m/fpu\librdimon_s.a(rdimon-syscalls.o)
                0x00001878                _swilseek
 .text._lseek   0x000018f6        0x4 c:/freescale/kds_v3/toolchain/bin/../lib/gcc/arm-none-eabi/4.8.4/../../../../arm-none-eabi/lib/armv7e-m/fpu\librdimon_s.a(rdimon-syscalls.o)
                0x000018f6                _lseek
 .text._swiwrite
                0x000018fa       0x20 c:/freescale/kds_v3/toolchain/bin/../lib/gcc/arm-none-eabi/4.8.4/../../../../arm-none-eabi/lib/armv7e-m/fpu\librdimon_s.a(rdimon-syscalls.o)
                0x000018fa                _swiwrite
 .text._write   0x0000191a       0x42 c:/freescale/kds_v3/toolchain/bin/../lib/gcc/arm-none-eabi/4.8.4/../../../../arm-none-eabi/lib/armv7e-m/fpu\librdimon_s.a(rdimon-syscalls.o)
                0x0000191a                _write
 .text._swiclose
                0x0000195c       0x1c c:/freescale/kds_v3/toolchain/bin/../lib/gcc/arm-none-eabi/4.8.4/../../../../arm-none-eabi/lib/armv7e-m/fpu\librdimon_s.a(rdimon-syscalls.o)
                0x0000195c                _swiclose
 .text._close   0x00001978       0x48 c:/freescale/kds_v3/toolchain/bin/../lib/gcc/arm-none-eabi/4.8.4/../../../../arm-none-eabi/lib/armv7e-m/fpu\librdimon_s.a(rdimon-syscalls.o)
                0x00001978                _close
 .text._sbrk    0x000019c0       0x34 c:/freescale/kds_v3/toolchain/bin/../lib/gcc/arm-none-eabi/4.8.4/../../../../arm-none-eabi/lib/armv7e-m/fpu\librdimon_s.a(rdimon-syscalls.o)
                0x000019c0                _sbrk
 .text._swistat
                0x000019f4       0x42 c:/freescale/kds_v3/toolchain/bin/../lib/gcc/arm-none-eabi/4.8.4/../../../../arm-none-eabi/lib/armv7e-m/fpu\librdimon_s.a(rdimon-syscalls.o)
                0x000019f4                _swistat
 .text._fstat   0x00001a36       0x1c c:/freescale/kds_v3/toolchain/bin/../lib/gcc/arm-none-eabi/4.8.4/../../../../arm-none-eabi/lib/armv7e-m/fpu\librdimon_s.a(rdimon-syscalls.o)
                0x00001a36                _fstat
 .text._isatty  0x00001a52       0x38 c:/freescale/kds_v3/toolchain/bin/../lib/gcc/arm-none-eabi/4.8.4/../../../../arm-none-eabi/lib/armv7e-m/fpu\librdimon_s.a(rdimon-syscalls.o)
                0x00001a52                _isatty
 .text._exit    0x00001a8a        0x8 c:/freescale/kds_v3/toolchain/bin/../lib/gcc/arm-none-eabi/4.8.4/../../../../arm-none-eabi/lib/armv7e-m/fpu\librdimon_s.a(rdimon-_exit.o)
                0x00001a8a                _exit
 *fill*         0x00001a92        0x2 
 .text._kill    0x00001a94       0x20 c:/freescale/kds_v3/toolchain/bin/../lib/gcc/arm-none-eabi/4.8.4/../../../../arm-none-eabi/lib/armv7e-m/fpu\librdimon_s.a(rdimon-_kill.o)
                0x00001a94                _kill
 .text.__errno  0x00001ab4        0xc c:/freescale/kds_v3/toolchain/bin/../lib/gcc/arm-none-eabi/4.8.4/../../../../arm-none-eabi/lib/armv7e-m/fpu\libc_s.a(lib_a-errno.o)
                0x00001ab4                __errno
 *(.rodata)
 .rodata        0x00001ac0        0x8 ./Sources/main.o
 *(.rodata*)
 .rodata.ClockGenModeMatrix
                0x00001ac8       0x80 ./Static_Code/System/CPU_Init.o
 .rodata.CPU_ClockConfigDescriptors
                0x00001b48       0x1c ./Static_Code/System/CPU_Init.o
 .rodata.CPU_DefaultFEI
                0x00001b64        0x8 ./Static_Code/System/CPU_Init.o
 .rodata.CPU_DefaultFBI
                0x00001b6c        0x8 ./Static_Code/System/CPU_Init.o
 .rodata.CPU_DefaultBLPI
                0x00001b74        0x8 ./Static_Code/System/CPU_Init.o
 .rodata.CPU_DefaultFEE
                0x00001b7c        0x8 ./Static_Code/System/CPU_Init.o
 .rodata.CPU_DefaultFBE
                0x00001b84        0x8 ./Static_Code/System/CPU_Init.o
 .rodata.CPU_DefaultBLPE
                0x00001b8c        0x8 ./Static_Code/System/CPU_Init.o
 .rodata.CPU_DefaultPBE
                0x00001b94        0x8 ./Static_Code/System/CPU_Init.o
 .rodata.CPU_DefaultPEE
                0x00001b9c        0x8 ./Static_Code/System/CPU_Init.o
 .rodata.CPU_ClockGenModeRegs
                0x00001ba4       0x20 ./Static_Code/System/CPU_Init.o
 .rodata.str1.1
                0x00001bc4        0x2 c:/freescale/kds_v3/toolchain/bin/../lib/gcc/arm-none-eabi/4.8.4/../../../../arm-none-eabi/lib/armv7e-m/fpu\libg_s.a(lib_a-impure.o)
 *fill*         0x00001bc6        0x2 
 .rodata._global_impure_ptr
                0x00001bc8        0x4 c:/freescale/kds_v3/toolchain/bin/../lib/gcc/arm-none-eabi/4.8.4/../../../../arm-none-eabi/lib/armv7e-m/fpu\libg_s.a(lib_a-impure.o)
                0x00001bc8                _global_impure_ptr
 .rodata.__sf_fake_stdin
                0x00001bcc       0x20 c:/freescale/kds_v3/toolchain/bin/../lib/gcc/arm-none-eabi/4.8.4/../../../../arm-none-eabi/lib/armv7e-m/fpu\libg_s.a(lib_a-findfp.o)
                0x00001bcc                __sf_fake_stdin
 .rodata.__sf_fake_stdout
                0x00001bec       0x20 c:/freescale/kds_v3/toolchain/bin/../lib/gcc/arm-none-eabi/4.8.4/../../../../arm-none-eabi/lib/armv7e-m/fpu\libg_s.a(lib_a-findfp.o)
                0x00001bec                __sf_fake_stdout
 .rodata.__sf_fake_stderr
                0x00001c0c       0x20 c:/freescale/kds_v3/toolchain/bin/../lib/gcc/arm-none-eabi/4.8.4/../../../../arm-none-eabi/lib/armv7e-m/fpu\libg_s.a(lib_a-findfp.o)
                0x00001c0c                __sf_fake_stderr
 .rodata.str1.1
                0x00001c2c        0x4 c:/freescale/kds_v3/toolchain/bin/../lib/gcc/arm-none-eabi/4.8.4/../../../../arm-none-eabi/lib/armv7e-m/fpu\librdimon_s.a(rdimon-syscalls.o)
 *(.glue_7)
 .glue_7        0x00000000        0x0 linker stubs
 *(.glue_7t)
 .glue_7t       0x00000000        0x0 linker stubs
 *(.eh_frame)
 .eh_frame      0x00001c30        0x0 c:/freescale/kds_v3/toolchain/bin/../lib/gcc/arm-none-eabi/4.8.4/armv7e-m/fpu/crtbegin.o
 *(.init)
 .init          0x00001c30        0x4 c:/freescale/kds_v3/toolchain/bin/../lib/gcc/arm-none-eabi/4.8.4/armv7e-m/fpu/crti.o
                0x00001c30                _init
 .init          0x00001c34        0x8 c:/freescale/kds_v3/toolchain/bin/../lib/gcc/arm-none-eabi/4.8.4/armv7e-m/fpu/crtn.o
 *(.fini)
 .fini          0x00001c3c        0x4 c:/freescale/kds_v3/toolchain/bin/../lib/gcc/arm-none-eabi/4.8.4/armv7e-m/fpu/crti.o
                0x00001c3c                _fini
 .fini          0x00001c40        0x8 c:/freescale/kds_v3/toolchain/bin/../lib/gcc/arm-none-eabi/4.8.4/armv7e-m/fpu/crtn.o
                0x00001c48                . = ALIGN (0x4)
                0x00001c48                _etext = .

.vfp11_veneer   0x00001c48        0x0
 .vfp11_veneer  0x00000000        0x0 linker stubs

.v4_bx          0x00001c48        0x0
 .v4_bx         0x00000000        0x0 linker stubs

.iplt           0x00001c48        0x0
 .iplt          0x00000000        0x0 c:/freescale/kds_v3/toolchain/bin/../lib/gcc/arm-none-eabi/4.8.4/armv7e-m/fpu/crtbegin.o

.ARM.extab
 *(.ARM.extab* .gnu.linkonce.armextab.*)

.ARM            0x00001c48        0x8
                0x00001c48                __exidx_start = .
 *(.ARM.exidx*)
 .ARM.exidx     0x00001c48        0x8 c:/freescale/kds_v3/toolchain/bin/../lib/gcc/arm-none-eabi/4.8.4/../../../../arm-none-eabi/lib/armv7e-m/fpu/rdimon-crt0.o
                0x00001c50                __exidx_end = .

.rel.dyn        0x00001c50        0x0
 .rel.iplt      0x00000000        0x0 c:/freescale/kds_v3/toolchain/bin/../lib/gcc/arm-none-eabi/4.8.4/armv7e-m/fpu/crtbegin.o

.ctors          0x00001c50        0x0
                0x00001c50                __CTOR_LIST__ = .
 *crtbegin.o(.ctors)
 *(EXCLUDE_FILE(*crtend.o) .ctors)
 *(SORT(.ctors.*))
 *(.ctors)
                0x00001c50                __CTOR_END__ = .

.dtors          0x00001c50        0x0
                0x00001c50                __DTOR_LIST__ = .
 *crtbegin.o(.dtors)
 *(EXCLUDE_FILE(*crtend.o) .dtors)
 *(SORT(.dtors.*))
 *(.dtors)
                0x00001c50                __DTOR_END__ = .

.preinit_array  0x00001c50        0x0
                0x00001c50                PROVIDE (__preinit_array_start, .)
 *(.preinit_array*)
                0x00001c50                PROVIDE (__preinit_array_end, .)

.init_array     0x00001c50        0x4
                0x00001c50                PROVIDE (__init_array_start, .)
 *(SORT(.init_array.*))
 *(.init_array*)
 .init_array    0x00001c50        0x4 c:/freescale/kds_v3/toolchain/bin/../lib/gcc/arm-none-eabi/4.8.4/armv7e-m/fpu/crtbegin.o
                0x00001c54                PROVIDE (__init_array_end, .)

.fini_array     0x00001c54        0x4
                0x00001c54                PROVIDE (__fini_array_start, .)
 *(SORT(.fini_array.*))
 *(.fini_array*)
 .fini_array    0x00001c54        0x4 c:/freescale/kds_v3/toolchain/bin/../lib/gcc/arm-none-eabi/4.8.4/armv7e-m/fpu/crtbegin.o
                0x00001c58                PROVIDE (__fini_array_end, .)
                0x00001c58                ___ROM_AT = .

.data           0x20000000      0x174 load address 0x00001c58
                0x20000000                . = ALIGN (0x4)
                0x20000000                _sdata = .
 *(.data)
 .data          0x20000000      0x110 c:/freescale/kds_v3/toolchain/bin/../lib/gcc/arm-none-eabi/4.8.4/../../../../arm-none-eabi/lib/armv7e-m/fpu/rdimon-crt0.o
                0x20000008                __stack_base__
 *(.data*)
 .data.impure_data
                0x20000110       0x60 c:/freescale/kds_v3/toolchain/bin/../lib/gcc/arm-none-eabi/4.8.4/../../../../arm-none-eabi/lib/armv7e-m/fpu\libg_s.a(lib_a-impure.o)
 .data._impure_ptr
                0x20000170        0x4 c:/freescale/kds_v3/toolchain/bin/../lib/gcc/arm-none-eabi/4.8.4/../../../../arm-none-eabi/lib/armv7e-m/fpu\libg_s.a(lib_a-impure.o)
                0x20000170                _impure_ptr
                0x20000174                . = ALIGN (0x4)
                0x20000174                _edata = .
                0x00000174                ___data_size = (_edata - _sdata)
                0x00001dcc                ___m_data_1FFF0000_ROMStart = (___ROM_AT + SIZEOF (.data))

.jcr            0x20000174        0x0 load address 0x00001dcc
 .jcr           0x20000174        0x0 c:/freescale/kds_v3/toolchain/bin/../lib/gcc/arm-none-eabi/4.8.4/armv7e-m/fpu/crtbegin.o

.igot.plt       0x20000174        0x0 load address 0x00001dcc
 .igot.plt      0x00000000        0x0 c:/freescale/kds_v3/toolchain/bin/../lib/gcc/arm-none-eabi/4.8.4/armv7e-m/fpu/crtbegin.o

.m_data_1FFF0000
                0x1fff0000        0x0 load address 0x00001dcc
                0x1fff0000                . = ALIGN (0x4)
                0x1fff0000                ___m_data_1FFF0000_RAMStart = .
 *(.m_data_1FFF0000)
                0x1fff0000                ___m_data_1FFF0000_RAMEnd = .
                0x1fff0000                . = ALIGN (0x4)
                0x00000000                ___m_data_1FFF0000_ROMSize = (___m_data_1FFF0000_RAMEnd - ___m_data_1FFF0000_RAMStart)
                0x1fff0000                . = ALIGN (0x4)

.bss            0x20000174       0xd8 load address 0x00001dcc
                0x20000174                __START_BSS = .
                0x20000174                PROVIDE (__bss_start__, __START_BSS)
 *(.bss)
 .bss           0x20000174       0x1c c:/freescale/kds_v3/toolchain/bin/../lib/gcc/arm-none-eabi/4.8.4/armv7e-m/fpu/crtbegin.o
 *(.bss*)
 .bss.__malloc_sbrk_start
                0x20000190        0x4 c:/freescale/kds_v3/toolchain/bin/../lib/gcc/arm-none-eabi/4.8.4/../../../../arm-none-eabi/lib/armv7e-m/fpu\libg_s.a(lib_a-nano-mallocr.o)
                0x20000190                __malloc_sbrk_start
 .bss.__malloc_free_list
                0x20000194        0x4 c:/freescale/kds_v3/toolchain/bin/../lib/gcc/arm-none-eabi/4.8.4/../../../../arm-none-eabi/lib/armv7e-m/fpu\libg_s.a(lib_a-nano-mallocr.o)
                0x20000194                __malloc_free_list
 .bss.monitor_stdout
                0x20000198        0x4 c:/freescale/kds_v3/toolchain/bin/../lib/gcc/arm-none-eabi/4.8.4/../../../../arm-none-eabi/lib/armv7e-m/fpu\librdimon_s.a(rdimon-syscalls.o)
 .bss.monitor_stdin
                0x2000019c        0x4 c:/freescale/kds_v3/toolchain/bin/../lib/gcc/arm-none-eabi/4.8.4/../../../../arm-none-eabi/lib/armv7e-m/fpu\librdimon_s.a(rdimon-syscalls.o)
 .bss.heap_end.5781
                0x200001a0        0x4 c:/freescale/kds_v3/toolchain/bin/../lib/gcc/arm-none-eabi/4.8.4/../../../../arm-none-eabi/lib/armv7e-m/fpu\librdimon_s.a(rdimon-syscalls.o)
 .bss.monitor_stderr
                0x200001a4        0x4 c:/freescale/kds_v3/toolchain/bin/../lib/gcc/arm-none-eabi/4.8.4/../../../../arm-none-eabi/lib/armv7e-m/fpu\librdimon_s.a(rdimon-syscalls.o)
 .bss.openfiles
                0x200001a8       0xa0 c:/freescale/kds_v3/toolchain/bin/../lib/gcc/arm-none-eabi/4.8.4/../../../../arm-none-eabi/lib/armv7e-m/fpu\librdimon_s.a(rdimon-syscalls.o)
 *(COMMON)
 COMMON         0x20000248        0x4 c:/freescale/kds_v3/toolchain/bin/../lib/gcc/arm-none-eabi/4.8.4/../../../../arm-none-eabi/lib/armv7e-m/fpu\libg_s.a(lib_a-reent.o)
                0x20000248                errno
                0x2000024c                . = ALIGN (0x4)
                0x2000024c                __END_BSS = .
                0x2000024c                PROVIDE (__bss_end__, __END_BSS)
                0x00001dcc                _romp_at = ((___ROM_AT + SIZEOF (.data)) + SIZEOF (.m_data_1FFF0000))

.romp           0x2000024c       0x24 load address 0x00001dcc
                0x00001dcc                __S_romp = _romp_at
                0x2000024c        0x4 LONG 0x1c58 ___ROM_AT
                0x20000250        0x4 LONG 0x20000000 _sdata
                0x20000254        0x4 LONG 0x174 ___data_size
                0x20000258        0x4 LONG 0x1dcc ___m_data_1FFF0000_ROMStart
                0x2000025c        0x4 LONG 0x1fff0000 ___m_data_1FFF0000_RAMStart
                0x20000260        0x4 LONG 0x0 ___m_data_1FFF0000_ROMSize
                0x20000264        0x4 LONG 0x0
                0x20000268        0x4 LONG 0x0
                0x2000026c        0x4 LONG 0x0
                0x00100000                text_end = (ORIGIN (m_text) + 0xffbf0)
                0x00001df0                data_init_end = ((___m_data_1FFF0000_ROMStart + SIZEOF (.m_data_1FFF0000)) + SIZEOF (.romp))
                0x00000001                ASSERT ((data_init_end <= text_end), region m_text overflowed with text and data)

._user_heap_stack
                0x20000270     0x1000 load address 0x00001df0
                0x20000270                . = ALIGN (0x4)
                0x20000270                PROVIDE (end, .)
                0x20000270                PROVIDE (_end, .)
                0x20000270                PROVIDE (__end__, .)
                0x20000270                __heap_addr = .
                0x20000270                __HeapBase = .
                0x20000e70                . = (. + __heap_size)
 *fill*         0x20000270      0xc00 
                0x20000e70                __HeapLimit = .
                0x20001270                . = (. + __stack_size)
 *fill*         0x20000e70      0x400 
                0x20001270                . = ALIGN (0x4)

.ARM.attributes
                0x00000000       0x30
 *(.ARM.attributes)
 .ARM.attributes
                0x00000000       0x22 c:/freescale/kds_v3/toolchain/bin/../lib/gcc/arm-none-eabi/4.8.4/armv7e-m/fpu/crti.o
 .ARM.attributes
                0x00000022       0x34 c:/freescale/kds_v3/toolchain/bin/../lib/gcc/arm-none-eabi/4.8.4/armv7e-m/fpu/crtbegin.o
 .ARM.attributes
                0x00000056       0x20 c:/freescale/kds_v3/toolchain/bin/../lib/gcc/arm-none-eabi/4.8.4/../../../../arm-none-eabi/lib/armv7e-m/fpu/rdimon-crt0.o
 .ARM.attributes
                0x00000076       0x39 ./Static_Code/System/CPU_Init.o
 .ARM.attributes
                0x000000af       0x39 ./Static_Code/System/Vectors.o
 .ARM.attributes
                0x000000e8       0x39 ./Sources/Events.o
 .ARM.attributes
                0x00000121       0x39 ./Sources/main.o
 .ARM.attributes
                0x0000015a       0x39 ./Project_Settings/Startup_Code/startup.o
 .ARM.attributes
                0x00000193       0x39 ./Generated_Code/Cpu.o
 .ARM.attributes
                0x000001cc       0x34 c:/freescale/kds_v3/toolchain/bin/../lib/gcc/arm-none-eabi/4.8.4/../../../../arm-none-eabi/lib/armv7e-m/fpu\libg_s.a(lib_a-exit.o)
 .ARM.attributes
                0x00000200       0x34 c:/freescale/kds_v3/toolchain/bin/../lib/gcc/arm-none-eabi/4.8.4/../../../../arm-none-eabi/lib/armv7e-m/fpu\libg_s.a(lib_a-impure.o)
 .ARM.attributes
                0x00000234       0x34 c:/freescale/kds_v3/toolchain/bin/../lib/gcc/arm-none-eabi/4.8.4/../../../../arm-none-eabi/lib/armv7e-m/fpu\libg_s.a(lib_a-init.o)
 .ARM.attributes
                0x00000268       0x34 c:/freescale/kds_v3/toolchain/bin/../lib/gcc/arm-none-eabi/4.8.4/../../../../arm-none-eabi/lib/armv7e-m/fpu\libg_s.a(lib_a-memset.o)
 .ARM.attributes
                0x0000029c       0x34 c:/freescale/kds_v3/toolchain/bin/../lib/gcc/arm-none-eabi/4.8.4/../../../../arm-none-eabi/lib/armv7e-m/fpu\libg_s.a(lib_a-puts.o)
 .ARM.attributes
                0x000002d0       0x34 c:/freescale/kds_v3/toolchain/bin/../lib/gcc/arm-none-eabi/4.8.4/../../../../arm-none-eabi/lib/armv7e-m/fpu\libg_s.a(lib_a-wbuf.o)
 .ARM.attributes
                0x00000304       0x34 c:/freescale/kds_v3/toolchain/bin/../lib/gcc/arm-none-eabi/4.8.4/../../../../arm-none-eabi/lib/armv7e-m/fpu\libg_s.a(lib_a-wsetup.o)
 .ARM.attributes
                0x00000338       0x34 c:/freescale/kds_v3/toolchain/bin/../lib/gcc/arm-none-eabi/4.8.4/../../../../arm-none-eabi/lib/armv7e-m/fpu\libg_s.a(lib_a-fflush.o)
 .ARM.attributes
                0x0000036c       0x34 c:/freescale/kds_v3/toolchain/bin/../lib/gcc/arm-none-eabi/4.8.4/../../../../arm-none-eabi/lib/armv7e-m/fpu\libg_s.a(lib_a-findfp.o)
 .ARM.attributes
                0x000003a0       0x34 c:/freescale/kds_v3/toolchain/bin/../lib/gcc/arm-none-eabi/4.8.4/../../../../arm-none-eabi/lib/armv7e-m/fpu\libg_s.a(lib_a-makebuf.o)
 .ARM.attributes
                0x000003d4       0x34 c:/freescale/kds_v3/toolchain/bin/../lib/gcc/arm-none-eabi/4.8.4/../../../../arm-none-eabi/lib/armv7e-m/fpu\libg_s.a(lib_a-nano-freer.o)
 .ARM.attributes
                0x00000408       0x34 c:/freescale/kds_v3/toolchain/bin/../lib/gcc/arm-none-eabi/4.8.4/../../../../arm-none-eabi/lib/armv7e-m/fpu\libg_s.a(lib_a-nano-mallocr.o)
 .ARM.attributes
                0x0000043c       0x34 c:/freescale/kds_v3/toolchain/bin/../lib/gcc/arm-none-eabi/4.8.4/../../../../arm-none-eabi/lib/armv7e-m/fpu\libg_s.a(lib_a-sbrkr.o)
 .ARM.attributes
                0x00000470       0x34 c:/freescale/kds_v3/toolchain/bin/../lib/gcc/arm-none-eabi/4.8.4/../../../../arm-none-eabi/lib/armv7e-m/fpu\libg_s.a(lib_a-stdio.o)
 .ARM.attributes
                0x000004a4       0x34 c:/freescale/kds_v3/toolchain/bin/../lib/gcc/arm-none-eabi/4.8.4/../../../../arm-none-eabi/lib/armv7e-m/fpu\libg_s.a(lib_a-writer.o)
 .ARM.attributes
                0x000004d8       0x34 c:/freescale/kds_v3/toolchain/bin/../lib/gcc/arm-none-eabi/4.8.4/../../../../arm-none-eabi/lib/armv7e-m/fpu\libg_s.a(lib_a-closer.o)
 .ARM.attributes
                0x0000050c       0x34 c:/freescale/kds_v3/toolchain/bin/../lib/gcc/arm-none-eabi/4.8.4/../../../../arm-none-eabi/lib/armv7e-m/fpu\libg_s.a(lib_a-fstatr.o)
 .ARM.attributes
                0x00000540       0x34 c:/freescale/kds_v3/toolchain/bin/../lib/gcc/arm-none-eabi/4.8.4/../../../../arm-none-eabi/lib/armv7e-m/fpu\libg_s.a(lib_a-isattyr.o)
 .ARM.attributes
                0x00000574       0x34 c:/freescale/kds_v3/toolchain/bin/../lib/gcc/arm-none-eabi/4.8.4/../../../../arm-none-eabi/lib/armv7e-m/fpu\libg_s.a(lib_a-lseekr.o)
 .ARM.attributes
                0x000005a8       0x34 c:/freescale/kds_v3/toolchain/bin/../lib/gcc/arm-none-eabi/4.8.4/../../../../arm-none-eabi/lib/armv7e-m/fpu\libg_s.a(lib_a-readr.o)
 .ARM.attributes
                0x000005dc       0x34 c:/freescale/kds_v3/toolchain/bin/../lib/gcc/arm-none-eabi/4.8.4/../../../../arm-none-eabi/lib/armv7e-m/fpu\libg_s.a(lib_a-reent.o)
 .ARM.attributes
                0x00000610       0x34 c:/freescale/kds_v3/toolchain/bin/../lib/gcc/arm-none-eabi/4.8.4/../../../../arm-none-eabi/lib/armv7e-m/fpu\librdimon_s.a(rdimon-syscalls.o)
 .ARM.attributes
                0x00000644       0x34 c:/freescale/kds_v3/toolchain/bin/../lib/gcc/arm-none-eabi/4.8.4/../../../../arm-none-eabi/lib/armv7e-m/fpu\librdimon_s.a(rdimon-_exit.o)
 .ARM.attributes
                0x00000678       0x34 c:/freescale/kds_v3/toolchain/bin/../lib/gcc/arm-none-eabi/4.8.4/../../../../arm-none-eabi/lib/armv7e-m/fpu\librdimon_s.a(rdimon-_kill.o)
 .ARM.attributes
                0x000006ac       0x34 c:/freescale/kds_v3/toolchain/bin/../lib/gcc/arm-none-eabi/4.8.4/../../../../arm-none-eabi/lib/armv7e-m/fpu\libc_s.a(lib_a-errno.o)
 .ARM.attributes
                0x000006e0       0x22 c:/freescale/kds_v3/toolchain/bin/../lib/gcc/arm-none-eabi/4.8.4/armv7e-m/fpu/crtn.o
OUTPUT(Practica1.elf elf32-littlearm)

.debug_info     0x00000000     0x1837
 .debug_info    0x00000000      0xa9b ./Static_Code/System/CPU_Init.o
 .debug_info    0x00000a9b      0x826 ./Static_Code/System/Vectors.o
 .debug_info    0x000012c1       0x96 ./Sources/Events.o
 .debug_info    0x00001357       0x9a ./Sources/main.o
 .debug_info    0x000013f1      0x3b0 ./Project_Settings/Startup_Code/startup.o
 .debug_info    0x000017a1       0x96 ./Generated_Code/Cpu.o

.debug_abbrev   0x00000000      0x4f1
 .debug_abbrev  0x00000000      0x1bf ./Static_Code/System/CPU_Init.o
 .debug_abbrev  0x000001bf       0xd8 ./Static_Code/System/Vectors.o
 .debug_abbrev  0x00000297       0x45 ./Sources/Events.o
 .debug_abbrev  0x000002dc       0x47 ./Sources/main.o
 .debug_abbrev  0x00000323      0x189 ./Project_Settings/Startup_Code/startup.o
 .debug_abbrev  0x000004ac       0x45 ./Generated_Code/Cpu.o

.debug_aranges  0x00000000      0x430
 .debug_aranges
                0x00000000       0x40 ./Static_Code/System/CPU_Init.o
 .debug_aranges
                0x00000040      0x340 ./Static_Code/System/Vectors.o
 .debug_aranges
                0x00000380       0x20 ./Sources/Events.o
 .debug_aranges
                0x000003a0       0x20 ./Sources/main.o
 .debug_aranges
                0x000003c0       0x50 ./Project_Settings/Startup_Code/startup.o
 .debug_aranges
                0x00000410       0x20 ./Generated_Code/Cpu.o

.debug_ranges   0x00000000      0x3d0
 .debug_ranges  0x00000000       0x30 ./Static_Code/System/CPU_Init.o
 .debug_ranges  0x00000030      0x330 ./Static_Code/System/Vectors.o
 .debug_ranges  0x00000360       0x10 ./Sources/Events.o
 .debug_ranges  0x00000370       0x10 ./Sources/main.o
 .debug_ranges  0x00000380       0x40 ./Project_Settings/Startup_Code/startup.o
 .debug_ranges  0x000003c0       0x10 ./Generated_Code/Cpu.o

.debug_macro    0x00000000    0x2ea0d
 .debug_macro   0x00000000      0x134 ./Static_Code/System/CPU_Init.o
 .debug_macro   0x00000134      0x850 ./Static_Code/System/CPU_Init.o
 .debug_macro   0x00000984       0x16 ./Static_Code/System/CPU_Init.o
 .debug_macro   0x0000099a       0x44 ./Static_Code/System/CPU_Init.o
 .debug_macro   0x000009de      0x209 ./Static_Code/System/CPU_Init.o
 .debug_macro   0x00000be7     0x176e ./Static_Code/System/CPU_Init.o
 .debug_macro   0x00002355    0x110ae ./Static_Code/System/CPU_Init.o
 .debug_macro   0x00013403      0x4b1 ./Static_Code/System/CPU_Init.o
 .debug_macro   0x000138b4      0x14e ./Static_Code/System/CPU_Init.o
 .debug_macro   0x00013a02       0x6a ./Static_Code/System/CPU_Init.o
 .debug_macro   0x00013a6c       0x58 ./Static_Code/System/CPU_Init.o
 .debug_macro   0x00013ac4       0x35 ./Static_Code/System/CPU_Init.o
 .debug_macro   0x00013af9       0xa3 ./Static_Code/System/CPU_Init.o
 .debug_macro   0x00013b9c       0x16 ./Static_Code/System/CPU_Init.o
 .debug_macro   0x00013bb2      0x292 ./Static_Code/System/CPU_Init.o
 .debug_macro   0x00013e44      0x122 ./Static_Code/System/Vectors.o
 .debug_macro   0x00013f66      0x28a ./Sources/Events.o
 .debug_macro   0x000141f0       0x94 ./Sources/Events.o
 .debug_macro   0x00014284      0x616 ./Sources/Events.o
 .debug_macro   0x0001489a      0x625 ./Sources/Events.o
 .debug_macro   0x00014ebf      0x328 ./Sources/Events.o
 .debug_macro   0x000151e7      0x1e9 ./Sources/Events.o
 .debug_macro   0x000153d0      0x109 ./Sources/Events.o
 .debug_macro   0x000154d9      0x17f ./Sources/Events.o
 .debug_macro   0x00015658      0x202 ./Sources/Events.o
 .debug_macro   0x0001585a      0x91e ./Sources/Events.o
 .debug_macro   0x00016178      0x585 ./Sources/Events.o
 .debug_macro   0x000166fd       0x9e ./Sources/Events.o
 .debug_macro   0x0001679b      0x1f9 ./Sources/Events.o
 .debug_macro   0x00016994      0x50f ./Sources/Events.o
 .debug_macro   0x00016ea3      0x6a6 ./Sources/Events.o
 .debug_macro   0x00017549      0x132 ./Sources/Events.o
 .debug_macro   0x0001767b      0x29c ./Sources/Events.o
 .debug_macro   0x00017917      0x264 ./Sources/Events.o
 .debug_macro   0x00017b7b      0x25b ./Sources/Events.o
 .debug_macro   0x00017dd6      0x4f1 ./Sources/Events.o
 .debug_macro   0x000182c7      0x13f ./Sources/Events.o
 .debug_macro   0x00018406       0x6c ./Sources/Events.o
 .debug_macro   0x00018472      0x30d ./Sources/Events.o
 .debug_macro   0x0001877f       0xbb ./Sources/Events.o
 .debug_macro   0x0001883a       0xe9 ./Sources/Events.o
 .debug_macro   0x00018923      0x4ea ./Sources/Events.o
 .debug_macro   0x00018e0d      0x18f ./Sources/Events.o
 .debug_macro   0x00018f9c       0xea ./Sources/Events.o
 .debug_macro   0x00019086      0x344 ./Sources/Events.o
 .debug_macro   0x000193ca      0x824 ./Sources/Events.o
 .debug_macro   0x00019bee      0x179 ./Sources/Events.o
 .debug_macro   0x00019d67      0x644 ./Sources/Events.o
 .debug_macro   0x0001a3ab      0xa28 ./Sources/Events.o
 .debug_macro   0x0001add3      0x124 ./Sources/Events.o
 .debug_macro   0x0001aef7      0x648 ./Sources/Events.o
 .debug_macro   0x0001b53f       0x81 ./Sources/Events.o
 .debug_macro   0x0001b5c0      0x7bf ./Sources/Events.o
 .debug_macro   0x0001bd7f      0x10f ./Sources/Events.o
 .debug_macro   0x0001be8e      0x66f ./Sources/Events.o
 .debug_macro   0x0001c4fd       0x7b ./Sources/Events.o
 .debug_macro   0x0001c578      0x182 ./Sources/Events.o
 .debug_macro   0x0001c6fa      0x31b ./Sources/main.o
 .debug_macro   0x0001ca15       0x1c ./Sources/main.o
 .debug_macro   0x0001ca31       0x97 ./Sources/main.o
 .debug_macro   0x0001cac8       0x10 ./Sources/main.o
 .debug_macro   0x0001cad8       0xef ./Sources/main.o
 .debug_macro   0x0001cbc7       0x52 ./Sources/main.o
 .debug_macro   0x0001cc19       0x16 ./Sources/main.o
 .debug_macro   0x0001cc2f       0x43 ./Sources/main.o
 .debug_macro   0x0001cc72      0x180 ./Sources/main.o
 .debug_macro   0x0001cdf2       0x10 ./Sources/main.o
 .debug_macro   0x0001ce02       0x22 ./Sources/main.o
 .debug_macro   0x0001ce24       0xbd ./Sources/main.o
 .debug_macro   0x0001cee1       0x16 ./Sources/main.o
 .debug_macro   0x0001cef7      0x14a ./Sources/main.o
 .debug_macro   0x0001d041      0x121 ./Project_Settings/Startup_Code/startup.o
 .debug_macro   0x0001d162      0x166 ./Project_Settings/Startup_Code/startup.o
 .debug_macro   0x0001d2c8       0x4a ./Project_Settings/Startup_Code/startup.o
 .debug_macro   0x0001d312      0x2a6 ./Project_Settings/Startup_Code/startup.o
 .debug_macro   0x0001d5b8       0x10 ./Project_Settings/Startup_Code/startup.o
 .debug_macro   0x0001d5c8       0x35 ./Project_Settings/Startup_Code/startup.o
 .debug_macro   0x0001d5fd       0x16 ./Project_Settings/Startup_Code/startup.o
 .debug_macro   0x0001d613       0x22 ./Project_Settings/Startup_Code/startup.o
 .debug_macro   0x0001d635       0x10 ./Project_Settings/Startup_Code/startup.o
 .debug_macro   0x0001d645      0x20f ./Project_Settings/Startup_Code/startup.o
 .debug_macro   0x0001d854    0x110a2 ./Project_Settings/Startup_Code/startup.o
 .debug_macro   0x0002e8f6      0x117 ./Generated_Code/Cpu.o

.debug_line     0x00000000     0x216a
 .debug_line    0x00000000      0x4a5 ./Static_Code/System/CPU_Init.o
 .debug_line    0x000004a5      0xa50 ./Static_Code/System/Vectors.o
 .debug_line    0x00000ef5      0x560 ./Sources/Events.o
 .debug_line    0x00001455      0x5d7 ./Sources/main.o
 .debug_line    0x00001a2c      0x3cb ./Project_Settings/Startup_Code/startup.o
 .debug_line    0x00001df7      0x373 ./Generated_Code/Cpu.o

.debug_str      0x00000000    0xea405
 .debug_str     0x00000000    0x6b04d ./Static_Code/System/CPU_Init.o
                              0x6b1f7 (size before relaxing)
 .debug_str     0x0006b04d      0x984 ./Static_Code/System/Vectors.o
                              0x6b61b (size before relaxing)
 .debug_str     0x0006b9d1    0x7be73 ./Sources/Events.o
                              0xe5aa5 (size before relaxing)
 .debug_str     0x000e7844     0x1b10 ./Sources/main.o
                              0xe7606 (size before relaxing)
 .debug_str     0x000e9354     0x1099 ./Project_Settings/Startup_Code/startup.o
                              0x636a0 (size before relaxing)
 .debug_str     0x000ea3ed       0x18 ./Generated_Code/Cpu.o
                              0x69c5f (size before relaxing)

.comment        0x00000000       0x70
 .comment       0x00000000       0x70 ./Static_Code/System/CPU_Init.o
                                 0x71 (size before relaxing)
 .comment       0x00000000       0x71 ./Static_Code/System/Vectors.o
 .comment       0x00000000       0x71 ./Sources/Events.o
 .comment       0x00000000       0x71 ./Sources/main.o
 .comment       0x00000000       0x71 ./Project_Settings/Startup_Code/startup.o
 .comment       0x00000000       0x71 ./Generated_Code/Cpu.o

.debug_frame    0x00000000     0x1730
 .debug_frame   0x00000000       0x9c ./Static_Code/System/CPU_Init.o
 .debug_frame   0x0000009c      0xcb0 ./Static_Code/System/Vectors.o
 .debug_frame   0x00000d4c       0x28 ./Sources/Events.o
 .debug_frame   0x00000d74       0x2c ./Sources/main.o
 .debug_frame   0x00000da0       0xc0 ./Project_Settings/Startup_Code/startup.o
 .debug_frame   0x00000e60       0x34 ./Generated_Code/Cpu.o
 .debug_frame   0x00000e94       0x28 c:/freescale/kds_v3/toolchain/bin/../lib/gcc/arm-none-eabi/4.8.4/../../../../arm-none-eabi/lib/armv7e-m/fpu\libg_s.a(lib_a-exit.o)
 .debug_frame   0x00000ebc       0x2c c:/freescale/kds_v3/toolchain/bin/../lib/gcc/arm-none-eabi/4.8.4/../../../../arm-none-eabi/lib/armv7e-m/fpu\libg_s.a(lib_a-init.o)
 .debug_frame   0x00000ee8       0x20 c:/freescale/kds_v3/toolchain/bin/../lib/gcc/arm-none-eabi/4.8.4/../../../../arm-none-eabi/lib/armv7e-m/fpu\libg_s.a(lib_a-memset.o)
 .debug_frame   0x00000f08       0x3c c:/freescale/kds_v3/toolchain/bin/../lib/gcc/arm-none-eabi/4.8.4/../../../../arm-none-eabi/lib/armv7e-m/fpu\libg_s.a(lib_a-puts.o)
 .debug_frame   0x00000f44       0x3c c:/freescale/kds_v3/toolchain/bin/../lib/gcc/arm-none-eabi/4.8.4/../../../../arm-none-eabi/lib/armv7e-m/fpu\libg_s.a(lib_a-wbuf.o)
 .debug_frame   0x00000f80       0x2c c:/freescale/kds_v3/toolchain/bin/../lib/gcc/arm-none-eabi/4.8.4/../../../../arm-none-eabi/lib/armv7e-m/fpu\libg_s.a(lib_a-wsetup.o)
 .debug_frame   0x00000fac       0x5c c:/freescale/kds_v3/toolchain/bin/../lib/gcc/arm-none-eabi/4.8.4/../../../../arm-none-eabi/lib/armv7e-m/fpu\libg_s.a(lib_a-fflush.o)
 .debug_frame   0x00001008      0x12c c:/freescale/kds_v3/toolchain/bin/../lib/gcc/arm-none-eabi/4.8.4/../../../../arm-none-eabi/lib/armv7e-m/fpu\libg_s.a(lib_a-findfp.o)
 .debug_frame   0x00001134       0x30 c:/freescale/kds_v3/toolchain/bin/../lib/gcc/arm-none-eabi/4.8.4/../../../../arm-none-eabi/lib/armv7e-m/fpu\libg_s.a(lib_a-makebuf.o)
 .debug_frame   0x00001164       0x2c c:/freescale/kds_v3/toolchain/bin/../lib/gcc/arm-none-eabi/4.8.4/../../../../arm-none-eabi/lib/armv7e-m/fpu\libg_s.a(lib_a-nano-freer.o)
 .debug_frame   0x00001190       0x2c c:/freescale/kds_v3/toolchain/bin/../lib/gcc/arm-none-eabi/4.8.4/../../../../arm-none-eabi/lib/armv7e-m/fpu\libg_s.a(lib_a-nano-mallocr.o)
 .debug_frame   0x000011bc       0x2c c:/freescale/kds_v3/toolchain/bin/../lib/gcc/arm-none-eabi/4.8.4/../../../../arm-none-eabi/lib/armv7e-m/fpu\libg_s.a(lib_a-sbrkr.o)
 .debug_frame   0x000011e8       0x80 c:/freescale/kds_v3/toolchain/bin/../lib/gcc/arm-none-eabi/4.8.4/../../../../arm-none-eabi/lib/armv7e-m/fpu\libg_s.a(lib_a-stdio.o)
 .debug_frame   0x00001268       0x2c c:/freescale/kds_v3/toolchain/bin/../lib/gcc/arm-none-eabi/4.8.4/../../../../arm-none-eabi/lib/armv7e-m/fpu\libg_s.a(lib_a-writer.o)
 .debug_frame   0x00001294       0x2c c:/freescale/kds_v3/toolchain/bin/../lib/gcc/arm-none-eabi/4.8.4/../../../../arm-none-eabi/lib/armv7e-m/fpu\libg_s.a(lib_a-closer.o)
 .debug_frame   0x000012c0       0x2c c:/freescale/kds_v3/toolchain/bin/../lib/gcc/arm-none-eabi/4.8.4/../../../../arm-none-eabi/lib/armv7e-m/fpu\libg_s.a(lib_a-fstatr.o)
 .debug_frame   0x000012ec       0x2c c:/freescale/kds_v3/toolchain/bin/../lib/gcc/arm-none-eabi/4.8.4/../../../../arm-none-eabi/lib/armv7e-m/fpu\libg_s.a(lib_a-isattyr.o)
 .debug_frame   0x00001318       0x2c c:/freescale/kds_v3/toolchain/bin/../lib/gcc/arm-none-eabi/4.8.4/../../../../arm-none-eabi/lib/armv7e-m/fpu\libg_s.a(lib_a-lseekr.o)
 .debug_frame   0x00001344       0x2c c:/freescale/kds_v3/toolchain/bin/../lib/gcc/arm-none-eabi/4.8.4/../../../../arm-none-eabi/lib/armv7e-m/fpu\libg_s.a(lib_a-readr.o)
 .debug_frame   0x00001370       0x48 c:/freescale/kds_v3/toolchain/bin/../lib/gcc/arm-none-eabi/4.8.4/../../../../arm-none-eabi/lib/armv7e-m/fpu\libg_s.a(lib_a-reent.o)
 .debug_frame   0x000013b8      0x30c c:/freescale/kds_v3/toolchain/bin/../lib/gcc/arm-none-eabi/4.8.4/../../../../arm-none-eabi/lib/armv7e-m/fpu\librdimon_s.a(rdimon-syscalls.o)
 .debug_frame   0x000016c4       0x20 c:/freescale/kds_v3/toolchain/bin/../lib/gcc/arm-none-eabi/4.8.4/../../../../arm-none-eabi/lib/armv7e-m/fpu\librdimon_s.a(rdimon-_exit.o)
 .debug_frame   0x000016e4       0x2c c:/freescale/kds_v3/toolchain/bin/../lib/gcc/arm-none-eabi/4.8.4/../../../../arm-none-eabi/lib/armv7e-m/fpu\librdimon_s.a(rdimon-_kill.o)
 .debug_frame   0x00001710       0x20 c:/freescale/kds_v3/toolchain/bin/../lib/gcc/arm-none-eabi/4.8.4/../../../../arm-none-eabi/lib/armv7e-m/fpu\libc_s.a(lib_a-errno.o)
